\BOOKMARK [1][-]{section.1}{\376\377\000P\000l\000a\000n\000t\000i\000l\000l\000a\000s\000\040\000y\000\040\000u\000t\000i\000l\000i\000d\000a\000d\000e\000s}{}% 1
\BOOKMARK [2][-]{subsubsection.1.0.1}{\376\377\000P\000l\000a\000n\000t\000i\000l\000l\000a\000\040\000m\000a\000i\000n\000\040\000+\000\040\000f\000a\000s\000t\000\040\000I\000/\000O}{section.1}% 2
\BOOKMARK [3][-]{subsubsection.1.0.2}{\376\377\000R\000a\000n\000d\000o\000m\000\040\000/\000\040\000m\000t\0001\0009\0009\0003\0007}{subsubsection.1.0.1}% 3
\BOOKMARK [3][-]{subsubsection.1.0.3}{\376\377\000B\000i\000g\000I\000n\000t\000\040\000\050\000a\000d\000d\000\040\000+\000\040\000m\000u\000l\000t\000i\000p\000l\000y\000,\000\040\000b\000a\000s\000e\000\040\0001\000e\0009\000\051}{subsubsection.1.0.1}% 4
\BOOKMARK [3][-]{subsubsection.1.0.4}{\376\377\000C\000o\000o\000r\000d\000i\000n\000a\000t\000e\000\040\000c\000o\000m\000p\000r\000e\000s\000s\000i\000o\000n}{subsubsection.1.0.1}% 5
\BOOKMARK [1][-]{section.2}{\376\377\000M\000a\000t\000e\000m\000a\000t\000i\000c\000a\000s}{}% 6
\BOOKMARK [2][-]{subsection.2.1}{\376\377\000T\000e\000o\000r\000i\000a\000\040\000d\000e\000\040\000n\000u\000m\000e\000r\000o\000s}{section.2}% 7
\BOOKMARK [3][-]{subsubsection.2.1.1}{\376\377\000E\000x\000t\000e\000n\000d\000e\000d\000\040\000E\000u\000c\000l\000i\000d\000e\000a\000n\000\040\000A\000l\000g\000o\000r\000i\000t\000h\000m}{subsection.2.1}% 8
\BOOKMARK [3][-]{subsubsection.2.1.2}{\376\377\000F\000o\000r\000m\000u\000l\000a\000s\000\040\000u\000t\000i\000l\000e\000s}{subsection.2.1}% 9
\BOOKMARK [3][-]{subsubsection.2.1.3}{\376\377\000C\000r\000i\000b\000a\000\040\000d\000e\000\040\000E\000r\000a\000t\000o\000s\000t\000e\000n\000e\000s}{subsection.2.1}% 10
\BOOKMARK [3][-]{subsubsection.2.1.4}{\376\377\000C\000r\000i\000b\000a\000\040\000l\000i\000n\000e\000a\000l}{subsection.2.1}% 11
\BOOKMARK [3][-]{subsubsection.2.1.5}{\376\377\000M\000i\000l\000l\000e\000r\000-\000R\000a\000b\000i\000n\000\040\000p\000r\000i\000m\000a\000l\000i\000t\000y}{subsection.2.1}% 12
\BOOKMARK [3][-]{subsubsection.2.1.6}{\376\377\000P\000o\000l\000l\000a\000r\000d\000'\000s\000\040\000R\000h\000o\000\040\000+\000\040\000f\000a\000c\000t\000o\000r\000i\000z\000a\000c\000i\000o\000n}{subsection.2.1}% 13
\BOOKMARK [3][-]{subsubsection.2.1.7}{\376\377\000M\000o\000d\000u\000l\000a\000r\000\040\000e\000x\000p\000o\000n\000e\000n\000t\000i\000a\000t\000i\000o\000n}{subsection.2.1}% 14
\BOOKMARK [3][-]{subsubsection.2.1.8}{\376\377\000M\000o\000d\000u\000l\000a\000r\000\040\000i\000n\000v\000e\000r\000s\000e}{subsection.2.1}% 15
\BOOKMARK [3][-]{subsubsection.2.1.9}{\376\377\000C\000h\000i\000n\000e\000s\000e\000\040\000R\000e\000m\000a\000i\000n\000d\000e\000r\000\040\000T\000h\000e\000o\000r\000e\000m}{subsection.2.1}% 16
\BOOKMARK [3][-]{subsubsection.2.1.10}{\376\377\000E\000u\000l\000e\000r\000\040\000t\000o\000t\000i\000e\000n\000t\000\040\000p\000r\000e\000c\000o\000m\000p\000u\000t\000e}{subsection.2.1}% 17
\BOOKMARK [3][-]{subsubsection.2.1.11}{\376\377\000M\000o\000b\000i\000u\000s\000\040\000p\000r\000e\000c\000o\000m\000p\000u\000t\000e}{subsection.2.1}% 18
\BOOKMARK [3][-]{subsubsection.2.1.12}{\376\377\000S\000t\000e\000r\000n\000-\000B\000r\000o\000c\000o\000t\000\040\000\050\000b\000e\000s\000t\000\040\000f\000r\000a\000c\000t\000i\000o\000n\000\040\000i\000n\000\040\000i\000n\000t\000e\000r\000v\000a\000l\000\051}{subsection.2.1}% 19
\BOOKMARK [2][-]{subsection.2.2}{\376\377\000C\000o\000m\000b\000i\000n\000a\000t\000o\000r\000i\000a}{section.2}% 20
\BOOKMARK [3][-]{subsubsection.2.2.1}{\376\377\000C\000a\000t\000a\000l\000a\000n\000\040\000\050\000f\000o\000r\000m\000u\000l\000a\000\051}{subsection.2.2}% 21
\BOOKMARK [3][-]{subsubsection.2.2.2}{\376\377\000F\000a\000c\000t\000o\000r\000i\000a\000l\000e\000s\000\040\000+\000\040\000n\000C\000r\000\040\000m\000o\000d\000\040\000p}{subsection.2.2}% 22
\BOOKMARK [3][-]{subsubsection.2.2.3}{\376\377\000L\000u\000c\000a\000s\000\040\000t\000h\000e\000o\000r\000e\000m}{subsection.2.2}% 23
\BOOKMARK [3][-]{subsubsection.2.2.4}{\376\377\000S\000t\000i\000r\000l\000i\000n\000g\000\040\000S\0002\000\040\000\050\000p\000a\000r\000t\000i\000c\000i\000o\000n\000e\000s\000\051}{subsection.2.2}% 24
\BOOKMARK [3][-]{subsubsection.2.2.5}{\376\377\000S\000t\000i\000r\000l\000i\000n\000g\000\040\000S\0001\000\040\000\050\000p\000e\000r\000m\000u\000t\000a\000c\000i\000o\000n\000e\000s\000\040\000p\000o\000r\000\040\000c\000i\000c\000l\000o\000s\000\051}{subsection.2.2}% 25
\BOOKMARK [3][-]{subsubsection.2.2.6}{\376\377\000I\000n\000c\000l\000u\000s\000i\000o\000n\000-\000e\000x\000c\000l\000u\000s\000i\000o\000n\000\040\000o\000v\000e\000r\000\040\000s\000u\000b\000s\000e\000t\000s}{subsection.2.2}% 26
\BOOKMARK [2][-]{subsection.2.3}{\376\377\000P\000o\000l\000i\000n\000o\000m\000i\000o\000s\000\040\000y\000\040\000t\000r\000a\000n\000s\000f\000o\000r\000m\000a\000d\000a\000s}{section.2}% 27
\BOOKMARK [3][-]{subsubsection.2.3.1}{\376\377\000F\000F\000T\000\040\000\050\000i\000t\000e\000r\000a\000t\000i\000v\000o\000,\000\040\000c\000o\000m\000p\000l\000e\000x\000\051}{subsection.2.3}% 28
\BOOKMARK [3][-]{subsubsection.2.3.2}{\376\377\000N\000T\000T\000\040\000\050\000m\000o\000d\000\040\0009\0009\0008\0002\0004\0004\0003\0005\0003\000\051}{subsection.2.3}% 29
\BOOKMARK [3][-]{subsubsection.2.3.3}{\376\377\000P\000o\000l\000y\000n\000o\000m\000i\000a\000l\000\040\000u\000t\000i\000l\000i\000t\000i\000e\000s\000\040\000\050\000m\000o\000d\000\040\000p\000\051}{subsection.2.3}% 30
\BOOKMARK [2][-]{subsection.2.4}{\376\377\000A\000l\000g\000e\000b\000r\000a\000\040\000l\000i\000n\000e\000a\000l}{section.2}% 31
\BOOKMARK [3][-]{subsubsection.2.4.1}{\376\377\000G\000a\000u\000s\000s\000-\000J\000o\000r\000d\000a\000n\000\040\000\050\000m\000o\000d\000\040\000p\000\051}{subsection.2.4}% 32
\BOOKMARK [3][-]{subsubsection.2.4.2}{\376\377\000M\000a\000t\000r\000i\000x\000\040\000e\000x\000p\000o\000n\000e\000n\000t\000i\000a\000t\000i\000o\000n}{subsection.2.4}% 33
\BOOKMARK [2][-]{subsection.2.5}{\376\377\000J\000u\000e\000g\000o\000s\000\040\000y\000\040\000t\000e\000o\000r\000i\000a\000\040\000d\000e\000\040\000j\000u\000e\000g\000o\000s}{section.2}% 34
\BOOKMARK [3][-]{subsubsection.2.5.1}{\376\377\000S\000p\000r\000a\000g\000u\000e\000-\000G\000r\000u\000n\000d\000y\000\040\000t\000e\000m\000p\000l\000a\000t\000e}{subsection.2.5}% 35
\BOOKMARK [3][-]{subsubsection.2.5.2}{\376\377\000S\000m\000a\000l\000l\000\040\000g\000a\000m\000e\000\040\000t\000a\000b\000l\000e\000s\000\040\000\050\000K\000a\000y\000l\000e\000s\000\040\000S\000G\000\040\000v\000a\000l\000u\000e\000s\000\051}{subsection.2.5}% 36
\BOOKMARK [1][-]{section.3}{\376\377\000E\000s\000t\000r\000u\000c\000t\000u\000r\000a\000s\000\040\000d\000e\000\040\000d\000a\000t\000o\000s}{}% 37
\BOOKMARK [2][-]{subsection.3.1}{\376\377\000O\000r\000d\000e\000n\000a\000d\000o\000\040\000y\000\040\000c\000o\000n\000t\000e\000n\000e\000d\000o\000r\000e\000s}{section.3}% 38
\BOOKMARK [3][-]{subsubsection.3.1.1}{\376\377\000O\000r\000d\000e\000r\000e\000d\000\040\000S\000e\000t\000\040\000\050\000p\000b\000d\000s\000\051}{subsection.3.1}% 39
\BOOKMARK [3][-]{subsubsection.3.1.2}{\376\377\000B\000a\000s\000i\000s\000\040\000\050\000X\000O\000R\000\040\000b\000a\000s\000i\000s\000\051}{subsection.3.1}% 40
\BOOKMARK [3][-]{subsubsection.3.1.3}{\376\377\000T\000r\000i\000e}{subsection.3.1}% 41
\BOOKMARK [2][-]{subsection.3.2}{\376\377\000U\000n\000i\000o\000n\000-\000F\000i\000n\000d}{section.3}% 42
\BOOKMARK [3][-]{subsubsection.3.2.1}{\376\377\000D\000S\000U\000\040\000c\000l\000a\000s\000s\000i\000c\000o}{subsection.3.2}% 43
\BOOKMARK [3][-]{subsubsection.3.2.2}{\376\377\000D\000S\000U\000\040\000c\000o\000n\000\040\000r\000o\000l\000l\000b\000a\000c\000k}{subsection.3.2}% 44
\BOOKMARK [2][-]{subsection.3.3}{\376\377\000A\000r\000b\000o\000l\000e\000s\000\040\000d\000e\000\040\000s\000e\000g\000m\000e\000n\000t\000o\000s}{section.3}% 45
\BOOKMARK [3][-]{subsubsection.3.3.1}{\376\377\000S\000e\000g\000m\000e\000n\000t\000\040\000T\000r\000e\000e\000\040\000A\000d\000d\000\040\000+\000\040\000S\000u\000m}{subsection.3.3}% 46
\BOOKMARK [3][-]{subsubsection.3.3.2}{\376\377\000S\000e\000g\000m\000e\000n\000t\000\040\000T\000r\000e\000e\000\040\000L\000a\000z\000y\000\040\000A\000s\000s\000i\000g\000n\000\040\000+\000\040\000S\000u\000m}{subsection.3.3}% 47
\BOOKMARK [3][-]{subsubsection.3.3.3}{\376\377\000S\000e\000g\000m\000e\000n\000t\000\040\000T\000r\000e\000e\000\040\000A\000d\000d\000\040\000+\000\040\000l\000o\000w\000e\000r\000\040\000b\000o\000u\000n\000d\000\040\000i\000n\000d\000e\000x}{subsection.3.3}% 48
\BOOKMARK [3][-]{subsubsection.3.3.4}{\376\377\000S\000e\000g\000m\000e\000n\000t\000\040\000T\000r\000e\000e\000\040\000L\000a\000z\000y\000\040\000A\000d\000d\000\040\000+\000\040\000S\000e\000t\000\040\000+\000\040\000S\000u\000m}{subsection.3.3}% 49
\BOOKMARK [3][-]{subsubsection.3.3.5}{\376\377\000M\000O}{subsection.3.3}% 50
\BOOKMARK [3][-]{subsubsection.3.3.6}{\376\377\000S\000e\000g\000m\000e\000n\000t\000\040\000T\000r\000e\000e\000\040\0002\000D}{subsection.3.3}% 51
\BOOKMARK [3][-]{subsubsection.3.3.7}{\376\377\000S\000e\000g\000m\000e\000n\000t\000\040\000T\000r\000e\000e\000\040\000p\000e\000r\000s\000i\000s\000t\000e\000n\000t\000e}{subsection.3.3}% 52
\BOOKMARK [3][-]{subsubsection.3.3.8}{\376\377\000S\000e\000g\000m\000e\000n\000t\000\040\000T\000r\000e\000e\000\040\000i\000t\000e\000r\000a\000t\000i\000v\000o}{subsection.3.3}% 53
\BOOKMARK [2][-]{subsection.3.4}{\376\377\000F\000e\000n\000w\000i\000c\000k\000\040\000/\000\040\000B\000I\000T}{section.3}% 54
\BOOKMARK [3][-]{subsubsection.3.4.1}{\376\377\000B\000I\000T\000\040\000p\000o\000i\000n\000t\000\040\000u\000p\000d\000a\000t\000e\000\040\000+\000\040\000p\000r\000e\000f\000i\000x\000\040\000s\000u\000m}{subsection.3.4}% 55
\BOOKMARK [3][-]{subsubsection.3.4.2}{\376\377\000B\000I\000T\000\040\000r\000a\000n\000g\000e\000\040\000a\000d\000d\000\040\000+\000\040\000p\000o\000i\000n\000t\000\040\000q\000u\000e\000r\000y}{subsection.3.4}% 56
\BOOKMARK [3][-]{subsubsection.3.4.3}{\376\377\000B\000I\000T\000\040\000r\000a\000n\000g\000e\000\040\000a\000d\000d\000\040\000+\000\040\000r\000a\000n\000g\000e\000\040\000s\000u\000m}{subsection.3.4}% 57
\BOOKMARK [2][-]{subsection.3.5}{\376\377\000R\000M\000Q\000\040\000y\000\040\000s\000p\000a\000r\000s\000e\000\040\000t\000a\000b\000l\000e}{section.3}% 58
\BOOKMARK [3][-]{subsubsection.3.5.1}{\376\377\000S\000p\000a\000r\000s\000e\000\040\000T\000a\000b\000l\000e}{subsection.3.5}% 59
\BOOKMARK [3][-]{subsubsection.3.5.2}{\376\377\000D\000i\000s\000j\000o\000i\000n\000t\000\040\000S\000p\000a\000r\000s\000e\000\040\000T\000a\000b\000l\000e}{subsection.3.5}% 60
\BOOKMARK [2][-]{subsection.3.6}{\376\377\000T\000r\000e\000e\000s\000\040\000y\000\040\000D\000P\000\040\000e\000n\000\040\000a\000r\000b\000o\000l}{section.3}% 61
\BOOKMARK [3][-]{subsubsection.3.6.1}{\376\377\000B\000i\000n\000a\000r\000y\000\040\000L\000i\000f\000t\000i\000n\000g\000\040\000/\000\040\000L\000C\000A}{subsection.3.6}% 62
\BOOKMARK [3][-]{subsubsection.3.6.2}{\376\377\000H\000e\000a\000v\000y\000-\000L\000i\000g\000h\000t\000\040\000D\000e\000c\000o\000m\000p\000o\000s\000i\000t\000i\000o\000n\000\040\000\050\000H\000L\000D\000\051}{subsection.3.6}% 63
\BOOKMARK [3][-]{subsubsection.3.6.3}{\376\377\000C\000e\000n\000t\000r\000o\000i\000d\000\040\000D\000e\000c\000o\000m\000p\000o\000s\000i\000t\000i\000o\000n}{subsection.3.6}% 64
\BOOKMARK [3][-]{subsubsection.3.6.4}{\376\377\000E\000u\000l\000e\000r\000\040\000T\000o\000u\000r\000\040\000+\000\040\000r\000a\000n\000g\000e\000\040\000q\000u\000e\000r\000i\000e\000s}{subsection.3.6}% 65
\BOOKMARK [2][-]{subsection.3.7}{\376\377\000B\000S\000T\000\040\000b\000a\000l\000a\000n\000c\000e\000a\000d\000o}{section.3}% 66
\BOOKMARK [3][-]{subsubsection.3.7.1}{\376\377\000T\000r\000e\000a\000p\000\040\000i\000m\000p\000l\000i\000c\000i\000t\000o}{subsection.3.7}% 67
\BOOKMARK [2][-]{subsection.3.8}{\376\377\000O\000t\000r\000a\000s}{section.3}% 68
\BOOKMARK [3][-]{subsubsection.3.8.1}{\376\377\000M\000o\000\040\000c\000o\000n\000\040\000u\000p\000d\000a\000t\000e\000s}{subsection.3.8}% 69
\BOOKMARK [3][-]{subsubsection.3.8.2}{\376\377\000s\000q\000r\000t\000-\000d\000e\000c\000o\000m\000p\000o\000s\000i\000t\000i\000o\000n\000\040\000g\000e\000n\000e\000r\000i\000c\000o}{subsection.3.8}% 70
\BOOKMARK [1][-]{section.4}{\376\377\000S\000t\000r\000i\000n\000g\000s}{}% 71
\BOOKMARK [2][-]{subsection.4.1}{\376\377\000H\000a\000s\000h\000i\000n\000g}{section.4}% 72
\BOOKMARK [3][-]{subsubsection.4.1.1}{\376\377\000R\000o\000l\000l\000i\000n\000g\000\040\000H\000a\000s\000h\000\040\000\050\000d\000o\000b\000l\000e\000\040\000m\000o\000d\000u\000l\000o\000\051}{subsection.4.1}% 73
\BOOKMARK [2][-]{subsection.4.2}{\376\377\000P\000a\000t\000r\000o\000n\000e\000s}{section.4}% 74
\BOOKMARK [3][-]{subsubsection.4.2.1}{\376\377\000K\000M\000P\000\040\000+\000\040\000L\000P\000S}{subsection.4.2}% 75
\BOOKMARK [3][-]{subsubsection.4.2.2}{\376\377\000Z\000-\000a\000l\000g\000o\000r\000i\000t\000h\000m}{subsection.4.2}% 76
\BOOKMARK [3][-]{subsubsection.4.2.3}{\376\377\000R\000a\000b\000i\000n\000-\000K\000a\000r\000p\000\040\000\050\000s\000i\000n\000g\000l\000e\000\040\000h\000a\000s\000h\000\051}{subsection.4.2}% 77
\BOOKMARK [3][-]{subsubsection.4.2.4}{\376\377\000A\000h\000o\000-\000C\000o\000r\000a\000s\000i\000c\000k\000\040\000\050\000b\000a\000s\000i\000c\000\051}{subsection.4.2}% 78
\BOOKMARK [3][-]{subsubsection.4.2.5}{\376\377\000A\000h\000o\000-\000C\000o\000r\000a\000s\000i\000c\000k\000\040\000D\000P\000\040\000f\000o\000r\000\040\000f\000o\000r\000b\000i\000d\000d\000e\000n\000\040\000p\000a\000t\000t\000e\000r\000n\000s}{subsection.4.2}% 79
\BOOKMARK [2][-]{subsection.4.3}{\376\377\000E\000s\000t\000r\000u\000c\000t\000u\000r\000a\000s\000\040\000a\000v\000a\000n\000z\000a\000d\000a\000s}{section.4}% 80
\BOOKMARK [3][-]{subsubsection.4.3.1}{\376\377\000S\000u\000f\000f\000i\000x\000\040\000A\000r\000r\000a\000y}{subsection.4.3}% 81
\BOOKMARK [3][-]{subsubsection.4.3.2}{\376\377\000L\000C\000P\000\040\000A\000r\000r\000a\000y\000\040\000\050\000K\000a\000s\000a\000i\000\051}{subsection.4.3}% 82
\BOOKMARK [3][-]{subsubsection.4.3.3}{\376\377\000S\000u\000f\000f\000i\000x\000\040\000A\000u\000t\000o\000m\000a\000t\000o\000n}{subsection.4.3}% 83
\BOOKMARK [2][-]{subsection.4.4}{\376\377\000P\000a\000l\000i\000n\000d\000r\000o\000m\000o\000s}{section.4}% 84
\BOOKMARK [3][-]{subsubsection.4.4.1}{\376\377\000M\000a\000n\000a\000c\000h\000e\000r}{subsection.4.4}% 85
\BOOKMARK [2][-]{subsection.4.5}{\376\377\000O\000t\000r\000o\000s}{section.4}% 86
\BOOKMARK [3][-]{subsubsection.4.5.1}{\376\377\000L\000y\000n\000d\000o\000n\000\040\000f\000a\000c\000t\000o\000r\000i\000z\000a\000t\000i\000o\000n\000\040\000\050\000D\000u\000v\000a\000l\000\051}{subsection.4.5}% 87
\BOOKMARK [1][-]{section.5}{\376\377\000G\000r\000a\000f\000o\000s}{}% 88
\BOOKMARK [2][-]{subsection.5.1}{\376\377\000C\000a\000m\000i\000n\000o\000s\000\040\000m\000i\000n\000i\000m\000o\000s}{section.5}% 89
\BOOKMARK [3][-]{subsubsection.5.1.1}{\376\377\000D\000i\000j\000k\000s\000t\000r\000a}{subsection.5.1}% 90
\BOOKMARK [3][-]{subsubsection.5.1.2}{\376\377\000B\000e\000l\000l\000m\000a\000n\000-\000F\000o\000r\000d}{subsection.5.1}% 91
\BOOKMARK [3][-]{subsubsection.5.1.3}{\376\377\000F\000l\000o\000y\000d\000-\000W\000a\000r\000s\000h\000a\000l\000l}{subsection.5.1}% 92
\BOOKMARK [3][-]{subsubsection.5.1.4}{\376\377\0000\000-\0001\000\040\000B\000F\000S}{subsection.5.1}% 93
\BOOKMARK [2][-]{subsection.5.2}{\376\377\000C\000o\000m\000p\000o\000n\000e\000n\000t\000e\000s\000\040\000y\000\040\000c\000o\000r\000t\000e\000s}{section.5}% 94
\BOOKMARK [3][-]{subsubsection.5.2.1}{\376\377\000K\000o\000s\000a\000r\000a\000j\000u\000\040\000S\000C\000C}{subsection.5.2}% 95
\BOOKMARK [3][-]{subsubsection.5.2.2}{\376\377\000T\000a\000r\000j\000a\000n\000\040\000\050\000p\000u\000e\000n\000t\000e\000s\000\051}{subsection.5.2}% 96
\BOOKMARK [3][-]{subsubsection.5.2.3}{\376\377\000T\000a\000r\000j\000a\000n\000\040\000\050\000p\000u\000n\000t\000o\000s\000\040\000d\000e\000\040\000a\000r\000t\000i\000c\000u\000l\000a\000c\000i\000o\000n\000\051}{subsection.5.2}% 97
\BOOKMARK [3][-]{subsubsection.5.2.4}{\376\377\000T\000a\000r\000j\000a\000n\000\040\000S\000C\000C}{subsection.5.2}% 98
\BOOKMARK [2][-]{subsection.5.3}{\376\377\000M\000a\000t\000c\000h\000i\000n\000g}{section.5}% 99
\BOOKMARK [3][-]{subsubsection.5.3.1}{\376\377\000K\000u\000h\000n\000\040\000\050\000b\000i\000p\000a\000r\000t\000i\000t\000e\000\040\000m\000a\000t\000c\000h\000i\000n\000g\000\051}{subsection.5.3}% 100
\BOOKMARK [3][-]{subsubsection.5.3.2}{\376\377\000H\000o\000p\000c\000r\000o\000f\000t\000-\000K\000a\000r\000p}{subsection.5.3}% 101
\BOOKMARK [2][-]{subsection.5.4}{\376\377\000M\000S\000T}{section.5}% 102
\BOOKMARK [3][-]{subsubsection.5.4.1}{\376\377\000K\000r\000u\000s\000k\000a\000l}{subsection.5.4}% 103
\BOOKMARK [3][-]{subsubsection.5.4.2}{\376\377\000P\000r\000i\000m\000\040\000\050\000p\000r\000i\000o\000r\000i\000t\000y\000\040\000q\000u\000e\000u\000e\000\051}{subsection.5.4}% 104
\BOOKMARK [2][-]{subsection.5.5}{\376\377\000B\000a\000s\000i\000c\000o\000s}{section.5}% 105
\BOOKMARK [3][-]{subsubsection.5.5.1}{\376\377\000D\000F\000S\000\040\000/\000\040\000B\000F\000S\000\040\000/\000\040\000c\000o\000m\000p\000o\000n\000e\000n\000t\000e\000s}{subsection.5.5}% 106
\BOOKMARK [3][-]{subsubsection.5.5.2}{\376\377\000T\000o\000p\000o\000l\000o\000g\000i\000c\000a\000l\000\040\000s\000o\000r\000t\000\040\000\050\000K\000a\000h\000n\000\040\000+\000\040\000D\000F\000S\000\051}{subsection.5.5}% 107
\BOOKMARK [3][-]{subsubsection.5.5.3}{\376\377\000B\000i\000p\000a\000r\000t\000i\000t\000e\000\040\000c\000h\000e\000c\000k\000\040\000+\000\040\0002\000-\000c\000o\000l\000o\000r\000i\000n\000g}{subsection.5.5}% 108
\BOOKMARK [2][-]{subsection.5.6}{\376\377\000F\000l\000u\000j\000o\000s}{section.5}% 109
\BOOKMARK [3][-]{subsubsection.5.6.1}{\376\377\000E\000d\000m\000o\000n\000d\000s\000-\000K\000a\000r\000p\000\040\000\050\000m\000a\000x\000\040\000f\000l\000o\000w\000\051}{subsection.5.6}% 110
\BOOKMARK [3][-]{subsubsection.5.6.2}{\376\377\000D\000i\000n\000i\000c\000\040\000\050\000m\000a\000x\000\040\000f\000l\000o\000w\000\051}{subsection.5.6}% 111
\BOOKMARK [3][-]{subsubsection.5.6.3}{\376\377\000M\000i\000n\000-\000C\000o\000s\000t\000\040\000M\000a\000x\000-\000F\000l\000o\000w}{subsection.5.6}% 112
\BOOKMARK [2][-]{subsection.5.7}{\376\377\000E\000s\000p\000e\000c\000a\000l\000e\000s}{section.5}% 113
\BOOKMARK [3][-]{subsubsection.5.7.1}{\376\377\0002\000-\000S\000A\000T\000\040\000\050\000i\000m\000p\000l\000i\000c\000a\000t\000i\000o\000n\000\040\000g\000r\000a\000p\000h\000\040\000+\000\040\000S\000C\000C\000\051}{subsection.5.7}% 114
\BOOKMARK [3][-]{subsubsection.5.7.2}{\376\377\000E\000u\000l\000e\000r\000\040\000t\000o\000u\000r\000\040\000/\000\040\000H\000i\000e\000r\000h\000o\000l\000z\000e\000r\000\040\000\050\000c\000a\000m\000i\000n\000o\000\040\000y\000\040\000c\000i\000r\000c\000u\000i\000t\000o\000\051}{subsection.5.7}% 115
\BOOKMARK [3][-]{subsubsection.5.7.3}{\376\377\000H\000a\000m\000i\000l\000t\000o\000n\000i\000a\000n\000\040\000p\000a\000t\000h\000\040\000/\000\040\000c\000y\000c\000l\000e\000\040\000\050\000b\000i\000t\000m\000a\000s\000k\000\040\000D\000P\000\040\000+\000\040\000b\000a\000c\000k\000t\000r\000a\000c\000k\000i\000n\000g\000\051}{subsection.5.7}% 116
\BOOKMARK [1][-]{section.6}{\376\377\000D\000P}{}% 117
\BOOKMARK [2][-]{subsubsection.6.0.1}{\376\377\000K\000n\000a\000p\000s\000a\000c\000k\000\040\0000\000/\0001}{section.6}% 118
\BOOKMARK [3][-]{subsubsection.6.0.2}{\376\377\000K\000n\000a\000p\000s\000a\000c\000k\000\040\000u\000n\000b\000o\000u\000n\000d\000e\000d}{subsubsection.6.0.1}% 119
\BOOKMARK [3][-]{subsubsection.6.0.3}{\376\377\000K\000n\000a\000p\000s\000a\000c\000k\000\040\000m\000e\000e\000t\000-\000i\000n\000-\000t\000h\000e\000-\000m\000i\000d\000d\000l\000e}{subsubsection.6.0.1}% 120
\BOOKMARK [3][-]{subsubsection.6.0.4}{\376\377\000L\000I\000S\000\040\000O\000\050\000n\000\040\000l\000o\000g\000\040\000n\000\051}{subsubsection.6.0.1}% 121
\BOOKMARK [3][-]{subsubsection.6.0.5}{\376\377\000L\000C\000S\000\040\000/\000\040\000E\000d\000i\000t\000\040\000d\000i\000s\000t\000a\000n\000c\000e}{subsubsection.6.0.1}% 122
\BOOKMARK [3][-]{subsubsection.6.0.6}{\376\377\000B\000i\000t\000m\000a\000s\000k\000\040\000D\000P\000\040\000o\000v\000e\000r\000\040\000s\000u\000b\000s\000e\000t\000s}{subsubsection.6.0.1}% 123
\BOOKMARK [3][-]{subsubsection.6.0.7}{\376\377\000S\000O\000S\000\040\000D\000P}{subsubsection.6.0.1}% 124
\BOOKMARK [3][-]{subsubsection.6.0.8}{\376\377\000D\000i\000g\000i\000t\000\040\000D\000P\000\040\000t\000e\000m\000p\000l\000a\000t\000e}{subsubsection.6.0.1}% 125
\BOOKMARK [3][-]{subsubsection.6.0.9}{\376\377\000T\000r\000e\000e\000\040\000D\000P\000\040\000\050\000r\000e\000r\000o\000o\000t\000\051}{subsubsection.6.0.1}% 126
\BOOKMARK [1][-]{section.7}{\376\377\000G\000e\000o\000m\000e\000t\000r\000i\000a}{}% 127
\BOOKMARK [2][-]{subsection.7.1}{\376\377\000P\000u\000n\000t\000o\000s\000\040\000y\000\040\000s\000e\000g\000m\000e\000n\000t\000o\000s}{section.7}% 128
\BOOKMARK [3][-]{subsubsection.7.1.1}{\376\377\000P\000o\000i\000n\000t\000\040\000+\000\040\000c\000r\000o\000s\000s\000\040\000+\000\040\000d\000o\000t}{subsection.7.1}% 129
\BOOKMARK [3][-]{subsubsection.7.1.2}{\376\377\000I\000n\000t\000e\000r\000s\000e\000c\000c\000i\000o\000n\000\040\000d\000e\000\040\000s\000e\000g\000m\000e\000n\000t\000o\000s}{subsection.7.1}% 130
\BOOKMARK [3][-]{subsubsection.7.1.3}{\376\377\000C\000o\000n\000t\000a\000i\000n\000s\000\040\000c\000o\000l\000i\000n\000e\000a\000l}{subsection.7.1}% 131
\BOOKMARK [3][-]{subsubsection.7.1.4}{\376\377\000D\000i\000s\000t\000a\000n\000c\000e\000\040\000p\000o\000i\000n\000t\000-\000s\000e\000g\000m\000e\000n\000t\000\040\000/\000\040\000p\000o\000i\000n\000t\000-\000l\000i\000n\000e}{subsection.7.1}% 132
\BOOKMARK [3][-]{subsubsection.7.1.5}{\376\377\000P\000r\000o\000j\000e\000c\000t\000i\000o\000n\000\040\000o\000f\000\040\000p\000o\000i\000n\000t\000\040\000o\000n\000t\000o\000\040\000l\000i\000n\000e}{subsection.7.1}% 133
\BOOKMARK [2][-]{subsection.7.2}{\376\377\000P\000o\000l\000i\000g\000o\000n\000o\000s}{section.7}% 134
\BOOKMARK [3][-]{subsubsection.7.2.1}{\376\377\000C\000o\000n\000v\000e\000x\000\040\000H\000u\000l\000l\000\040\000\050\000m\000o\000n\000o\000t\000o\000n\000o\000\051}{subsection.7.2}% 135
\BOOKMARK [3][-]{subsubsection.7.2.2}{\376\377\000P\000o\000l\000y\000g\000o\000n\000\040\000A\000r\000e\000a}{subsection.7.2}% 136
\BOOKMARK [3][-]{subsubsection.7.2.3}{\376\377\000P\000o\000i\000n\000t\000\040\000i\000n\000\040\000p\000o\000l\000y\000g\000o\000n\000\040\000\050\000r\000a\000y\000\040\000c\000a\000s\000t\000i\000n\000g\000\051}{subsection.7.2}% 137
\BOOKMARK [3][-]{subsubsection.7.2.4}{\376\377\000M\000i\000n\000k\000o\000w\000s\000k\000i\000\040\000s\000u\000m\000\040\000\050\000c\000o\000n\000v\000e\000x\000\040\000p\000o\000l\000y\000g\000o\000n\000s\000\051}{subsection.7.2}% 138
\BOOKMARK [2][-]{subsection.7.3}{\376\377\000H\000e\000r\000r\000a\000m\000i\000e\000n\000t\000a\000s}{section.7}% 139
\BOOKMARK [3][-]{subsubsection.7.3.1}{\376\377\000L\000i\000\040\000C\000h\000a\000o\000\040\000T\000r\000e\000e\000\040\000\050\000l\000o\000n\000g\000\040\000l\000o\000n\000g\000\051}{subsection.7.3}% 140
\BOOKMARK [3][-]{subsubsection.7.3.2}{\376\377\000S\000w\000e\000e\000p\000\040\000l\000i\000n\000e\000\040\000t\000e\000m\000p\000l\000a\000t\000e}{subsection.7.3}% 141
\BOOKMARK [3][-]{subsubsection.7.3.3}{\376\377\000C\000l\000o\000s\000e\000s\000t\000\040\000p\000a\000i\000r\000\040\000o\000f\000\040\000p\000o\000i\000n\000t\000s\000\040\000\050\000s\000w\000e\000e\000p\000l\000i\000n\000e\000\051}{subsection.7.3}% 142
\BOOKMARK [3][-]{subsubsection.7.3.4}{\376\377\000R\000o\000t\000a\000t\000i\000n\000g\000\040\000c\000a\000l\000i\000p\000e\000r\000s\000\040\000\050\000p\000o\000l\000y\000g\000o\000n\000\040\000d\000i\000a\000m\000e\000t\000e\000r\000\051}{subsection.7.3}% 143
