This is pdfTeX, Version 3.141592653-2.6-1.40.29 (MiKTeX 26.5) (preloaded format=pdflatex 2026.8.18)  18 SEP 2026 13:52
entering extended mode
 restricted \write18 enabled.
 %&-line parsing enabled.
**./cpp.tex
(cpp.tex
LaTeX2e <2026-06-01>
L3 programming layer <2026-07-20>
(C:\Users\Simon\AppData\Local\Programs\MiKTeX\tex/latex/base\article.cls
Document Class: article 2025/01/22 v1.4n Standard LaTeX document class
(C:\Users\Simon\AppData\Local\Programs\MiKTeX\tex/latex/base\size10.clo
File: size10.clo 2025/01/22 v1.4n Standard LaTeX file (size option)
)
\c@part=\count276
\c@section=\count277
\c@subsection=\count278
\c@subsubsection=\count279
\c@paragraph=\count280
\c@subparagraph=\count281
\c@figure=\count282
\c@table=\count283
\abovecaptionskip=\skip49
\belowcaptionskip=\skip50
\bibindent=\dimen150
)
(C:\Users\Simon\AppData\Local\Programs\MiKTeX\tex/latex/graphics\graphicx.sty
Package: graphicx 2026-05-17 v1.2e Enhanced LaTeX Graphics (DPC,SPQR)

(C:\Users\Simon\AppData\Local\Programs\MiKTeX\tex/latex/graphics\keyval.sty
Package: keyval 2026-05-17 v1.15 key=value parser (DPC)
\KV@toks@=\toks17
)
(C:\Users\Simon\AppData\Local\Programs\MiKTeX\tex/latex/graphics\graphics.sty
Package: graphics 2026-05-17 v1.4h Standard LaTeX Graphics (DPC,SPQR)

(C:\Users\Simon\AppData\Local\Programs\MiKTeX\tex/latex/graphics\trig.sty
Package: trig 2023/12/02 v1.11 sin cos tan (DPC)
)
(C:\Users\Simon\AppData\Local\Programs\MiKTeX\tex/latex/graphics-cfg\graphics.c
fg
File: graphics.cfg 2016/06/04 v1.11 sample graphics configuration
)
Package graphics Info: Driver file: pdftex.def on input line 106.

(C:\Users\Simon\AppData\Local\Programs\MiKTeX\tex/latex/graphics-def\pdftex.def
File: pdftex.def 2025/09/29 v1.2d Graphics/color driver for pdftex
))
\Gin@req@height=\dimen151
\Gin@req@width=\dimen152
)
(C:\Users\Simon\AppData\Local\Programs\MiKTeX\tex/latex/geometry\geometry.sty
Package: geometry 2026/03/07 v6.0 Page Geometry

(C:\Users\Simon\AppData\Local\Programs\MiKTeX\tex/generic/iftex\ifvtex.sty
Package: ifvtex 2019/10/25 v1.7 ifvtex legacy package. Use iftex instead.

(C:\Users\Simon\AppData\Local\Programs\MiKTeX\tex/generic/iftex\iftex.sty
Package: iftex 2024/12/12 v1.0g TeX engine tests
))
\Gm@cnth=\count284
\Gm@cntv=\count285
\c@Gm@tempcnt=\count286
\Gm@bindingoffset=\dimen153
\Gm@wd@mp=\dimen154
\Gm@odd@mp=\dimen155
\Gm@even@mp=\dimen156
\Gm@layoutwidth=\dimen157
\Gm@layoutheight=\dimen158
\Gm@layouthoffset=\dimen159
\Gm@layoutvoffset=\dimen160
\Gm@dimlist=\toks18

(C:\Users\Simon\AppData\Local\Programs\MiKTeX\tex/latex/geometry\geometry.cfg))
(C:\Users\Simon\AppData\Local\Programs\MiKTeX\tex/latex/lipsum\lipsum.sty
(C:\Users\Simon\AppData\Local\Programs\MiKTeX\tex/latex/l3packages/l3keys2e\l3k
eys2e.sty
(C:\Users\Simon\AppData\Local\Programs\MiKTeX\tex/latex/l3kernel\expl3.sty
Package: expl3 2026-07-20 L3 programming layer (loader) 

(C:\Users\Simon\AppData\Local\Programs\MiKTeX\tex/latex/l3backend\l3backend-pdf
tex.def
File: l3backend-pdftex.def 2026-07-20 L3 backend support: PDF output (pdfTeX)
\l__color_backend_stack_int=\count287
))
Package: l3keys2e 2025-10-09 LaTeX2e option processing using LaTeX3 keys
)
Package: lipsum 2021-09-20 v2.7 150 paragraphs of Lorem Ipsum dummy text
\g__lipsum_par_int=\count288
\l__lipsum_a_int=\count289
\l__lipsum_b_int=\count290

(C:\Users\Simon\AppData\Local\Programs\MiKTeX\tex/latex/lipsum\lipsum.ltd.tex))
(C:\Users\Simon\AppData\Local\Programs\MiKTeX\tex/latex/listings\listings.sty
\lst@mode=\count291
\lst@gtempboxa=\box53
\lst@token=\toks19
\lst@length=\count292
\lst@currlwidth=\dimen161
\lst@column=\count293
\lst@pos=\count294
\lst@lostspace=\dimen162
\lst@width=\dimen163
\lst@newlines=\count295
\lst@lineno=\count296
\lst@maxwidth=\dimen164

(C:\Users\Simon\AppData\Local\Programs\MiKTeX\tex/latex/listings\lstpatch.sty
File: lstpatch.sty 2025/11/14 1.11b (Carsten Heinz)
)
(C:\Users\Simon\AppData\Local\Programs\MiKTeX\tex/latex/listings\lstmisc.sty
File: lstmisc.sty 2025/11/14 1.11b (Carsten Heinz)
\c@lstnumber=\count297
\lst@skipnumbers=\count298
\lst@framebox=\box54
)
(C:\Users\Simon\AppData\Local\Programs\MiKTeX\tex/latex/listings\listings.cfg
File: listings.cfg 2025/11/14 1.11b listings configuration
))
Package: listings 2025/11/14 1.11b (Carsten Heinz)
(C:\Users\Simon\AppData\Local\Programs\MiKTeX\tex/latex/xcolor\xcolor.sty
Package: xcolor 2024/09/29 v3.02 LaTeX color extensions (UK)

(C:\Users\Simon\AppData\Local\Programs\MiKTeX\tex/latex/graphics-cfg\color.cfg
File: color.cfg 2016/01/02 v1.6 sample color configuration
)
Package xcolor Info: Driver file: pdftex.def on input line 274.
(C:\Users\Simon\AppData\Local\Programs\MiKTeX\tex/latex/graphics\mathcolor.ltx)
Package xcolor Info: Model `cmy' substituted by `cmy0' on input line 1349.
Package xcolor Info: Model `hsb' substituted by `rgb' on input line 1353.
Package xcolor Info: Model `RGB' extended on input line 1365.
Package xcolor Info: Model `HTML' substituted by `rgb' on input line 1367.
Package xcolor Info: Model `Hsb' substituted by `hsb' on input line 1368.
Package xcolor Info: Model `tHsb' substituted by `hsb' on input line 1369.
Package xcolor Info: Model `HSB' substituted by `hsb' on input line 1370.
Package xcolor Info: Model `Gray' substituted by `gray' on input line 1371.
Package xcolor Info: Model `wave' substituted by `hsb' on input line 1372.
) (C:\Users\Simon\AppData\Local\Programs\MiKTeX\tex/latex/hyperref\hyperref.sty
Package: hyperref 2026-06-17 v7.01r Hypertext links for LaTeX

(C:\Users\Simon\AppData\Local\Programs\MiKTeX\tex/latex/kvsetkeys\kvsetkeys.sty
Package: kvsetkeys 2022-10-05 v1.19 Key value parser (HO)
)
(C:\Users\Simon\AppData\Local\Programs\MiKTeX\tex/generic/kvdefinekeys\kvdefine
keys.sty
Package: kvdefinekeys 2019-12-19 v1.6 Define keys (HO)
)
(C:\Users\Simon\AppData\Local\Programs\MiKTeX\tex/generic/pdfescape\pdfescape.s
ty
Package: pdfescape 2019/12/09 v1.15 Implements pdfTeX's escape features (HO)

(C:\Users\Simon\AppData\Local\Programs\MiKTeX\tex/generic/ltxcmds\ltxcmds.sty
Package: ltxcmds 2023-12-04 v1.26 LaTeX kernel commands for general use (HO)
)
(C:\Users\Simon\AppData\Local\Programs\MiKTeX\tex/generic/pdftexcmds\pdftexcmds
.sty
Package: pdftexcmds 2020-06-27 v0.33 Utility functions of pdfTeX for LuaTeX (HO
)

(C:\Users\Simon\AppData\Local\Programs\MiKTeX\tex/generic/infwarerr\infwarerr.s
ty
Package: infwarerr 2019/12/03 v1.5 Providing info/warning/error messages (HO)
)
Package pdftexcmds Info: \pdf@primitive is available.
Package pdftexcmds Info: \pdf@ifprimitive is available.
Package pdftexcmds Info: \pdfdraftmode found.
))
(C:\Users\Simon\AppData\Local\Programs\MiKTeX\tex/latex/hycolor\hycolor.sty
Package: hycolor 2020-01-27 v1.10 Color options for hyperref/bookmark (HO)
)
(C:\Users\Simon\AppData\Local\Programs\MiKTeX\tex/latex/hyperref\nameref.sty
Package: nameref 2026-01-29 v2.58 Cross-referencing by name of section

(C:\Users\Simon\AppData\Local\Programs\MiKTeX\tex/latex/refcount\refcount.sty
Package: refcount 2019/12/15 v3.6 Data extraction from label references (HO)
)
(C:\Users\Simon\AppData\Local\Programs\MiKTeX\tex/generic/gettitlestring\gettit
lestring.sty
Package: gettitlestring 2019/12/15 v1.6 Cleanup title references (HO)

(C:\Users\Simon\AppData\Local\Programs\MiKTeX\tex/latex/kvoptions\kvoptions.sty
Package: kvoptions 2022-06-15 v3.15 Key value format for package options (HO)
))
\c@section@level=\count299
)
(C:\Users\Simon\AppData\Local\Programs\MiKTeX\tex/latex/etoolbox\etoolbox.sty
Package: etoolbox 2025/10/02 v2.5m e-TeX tools for LaTeX (JAW)
\etb@tempcnta=\count300
)
(C:\Users\Simon\AppData\Local\Programs\MiKTeX\tex/generic/stringenc\stringenc.s
ty
Package: stringenc 2019/11/29 v1.12 Convert strings between diff. encodings (HO
)
)
\@linkdim=\dimen165
\Hy@linkcounter=\count301
\Hy@pagecounter=\count302
 (C:\Users\Simon\AppData\Local\Programs\MiKTeX\tex/latex/hyperref\pd1enc.def
File: pd1enc.def 2026-06-17 v7.01r Hyperref: PDFDocEncoding definition (HO)
Now handling font encoding PD1 ...
... no UTF-8 mapping file for font encoding PD1
) (C:\Users\Simon\AppData\Local\Programs\MiKTeX\tex/generic/intcalc\intcalc.sty
Package: intcalc 2019/12/15 v1.3 Expandable calculations with integers (HO)
)
\Hy@SavedSpaceFactor=\count303
 (C:\Users\Simon\AppData\Local\Programs\MiKTeX\tex/latex/hyperref\puenc.def
File: puenc.def 2026-06-17 v7.01r Hyperref: PDF Unicode definition (HO)
Now handling font encoding PU ...
... no UTF-8 mapping file for font encoding PU
)
Package hyperref Info: Hyper figures OFF on input line 4199.
Package hyperref Info: Link nesting OFF on input line 4204.
Package hyperref Info: Hyper index ON on input line 4207.
Package hyperref Info: Plain pages OFF on input line 4214.
Package hyperref Info: Backreferencing OFF on input line 4219.
Package hyperref Info: Implicit mode ON; LaTeX internals redefined.
Package hyperref Info: Bookmarks ON on input line 4466.
\c@Hy@tempcnt=\count304

(C:\Users\Simon\AppData\Local\Programs\MiKTeX\tex/latex/url\url.sty
\Urlmuskip=\muskip17
Package: url 2013/09/16  ver 3.4  Verb mode for urls, etc.
)
LaTeX Info: Redefining \url on input line 4805.
\XeTeXLinkMargin=\dimen166

(C:\Users\Simon\AppData\Local\Programs\MiKTeX\tex/generic/bitset\bitset.sty
Package: bitset 2019/12/09 v1.3 Handle bit-vector datatype (HO)

(C:\Users\Simon\AppData\Local\Programs\MiKTeX\tex/generic/bigintcalc\bigintcalc
.sty
Package: bigintcalc 2019/12/15 v1.5 Expandable calculations on big integers (HO
)
))
\Fld@menulength=\count305
\Field@Width=\dimen167
\Fld@charsize=\dimen168
Package hyperref Info: Hyper figures OFF on input line 6091.
Package hyperref Info: Link nesting OFF on input line 6096.
Package hyperref Info: Hyper index ON on input line 6099.
Package hyperref Info: backreferencing OFF on input line 6106.
Package hyperref Info: Link coloring OFF on input line 6111.
Package hyperref Info: Link coloring with OCG OFF on input line 6116.
Package hyperref Info: PDF/A mode OFF on input line 6121.
\Hy@abspage=\count306
\c@Item=\count307
\c@Hfootnote=\count308
)
Package hyperref Info: Driver (autodetected): hpdftex.

(C:\Users\Simon\AppData\Local\Programs\MiKTeX\tex/latex/hyperref\hpdftex.def
File: hpdftex.def 2026-06-17 v7.01r Hyperref driver for pdfTeX
\Fld@listcount=\count309
\c@bookmark@seq@number=\count310

(C:\Users\Simon\AppData\Local\Programs\MiKTeX\tex/latex/rerunfilecheck\rerunfil
echeck.sty
Package: rerunfilecheck 2025-06-21 v1.11 Rerun checks for auxiliary files (HO)

(C:\Users\Simon\AppData\Local\Programs\MiKTeX\tex/generic/uniquecounter\uniquec
ounter.sty
Package: uniquecounter 2019/12/15 v1.4 Provide unlimited unique counter (HO)
)
Package uniquecounter Info: New unique counter `rerunfilecheck' on input line 2
84.
)
\Hy@SectionHShift=\skip51
)
Package hyperref Info: Option `colorlinks' set `true' on input line 11.
 (cpp.aux)
\openout1 = `cpp.aux'.

LaTeX Font Info:    Checking defaults for OML/cmm/m/it on input line 49.
LaTeX Font Info:    ... okay on input line 49.
LaTeX Font Info:    Checking defaults for OMS/cmsy/m/n on input line 49.
LaTeX Font Info:    ... okay on input line 49.
LaTeX Font Info:    Checking defaults for OT1/cmr/m/n on input line 49.
LaTeX Font Info:    ... okay on input line 49.
LaTeX Font Info:    Checking defaults for T1/cmr/m/n on input line 49.
LaTeX Font Info:    ... okay on input line 49.
LaTeX Font Info:    Checking defaults for TS1/cmr/m/n on input line 49.
LaTeX Font Info:    ... okay on input line 49.
LaTeX Font Info:    Checking defaults for OMX/cmex/m/n on input line 49.
LaTeX Font Info:    ... okay on input line 49.
LaTeX Font Info:    Checking defaults for U/cmr/m/n on input line 49.
LaTeX Font Info:    ... okay on input line 49.
LaTeX Font Info:    Checking defaults for PD1/pdf/m/n on input line 49.
LaTeX Font Info:    ... okay on input line 49.
LaTeX Font Info:    Checking defaults for PU/pdf/m/n on input line 49.
LaTeX Font Info:    ... okay on input line 49.

(C:\Users\Simon\AppData\Local\Programs\MiKTeX\tex/context/base/mkii\supp-pdf.mk
ii
[Loading MPS to PDF converter (version 2006.09.02).]
\scratchcounter=\count311
\scratchdimen=\dimen169
\scratchbox=\box55
\nofMPsegments=\count312
\nofMParguments=\count313
\everyMPshowfont=\toks20
\MPscratchCnt=\count314
\MPscratchDim=\dimen170
\MPnumerator=\count315
\makeMPintoPDFobject=\count316
\everyMPtoPDFconversion=\toks21
)
(C:\Users\Simon\AppData\Local\Programs\MiKTeX\tex/latex/epstopdf-pkg\epstopdf-b
ase.sty
Package: epstopdf-base 2020-01-24 v2.11 Base part for package epstopdf
Package epstopdf-base Info: Redefining graphics rule for `.eps' on input line 4
85.

(C:\Users\Simon\AppData\Local\Programs\MiKTeX\tex/latex/00miktex\epstopdf-sys.c
fg
File: epstopdf-sys.cfg 2021/03/18 v2.0 Configuration of epstopdf for MiKTeX
))
*geometry* driver: auto-detecting
*geometry* detected driver: pdftex
*geometry* verbose mode - [ preamble ] result:
* driver: pdftex
* paper: a4paper
* layout: <same size as paper>
* layoutoffset:(h,v)=(0.0pt,0.0pt)
* modes: landscape 
* h-part:(L,W,R)=(28.45274pt, 788.14136pt, 28.45274pt)
* v-part:(T,H,B)=(28.45274pt, 540.60239pt, 28.45274pt)
* \paperwidth=845.04684pt
* \paperheight=597.50787pt
* \textwidth=788.14136pt
* \textheight=540.60239pt
* \oddsidemargin=-43.81725pt
* \evensidemargin=-43.81725pt
* \topmargin=-80.81725pt
* \headheight=12.0pt
* \headsep=25.0pt
* \topskip=10.0pt
* \footskip=30.0pt
* \marginparwidth=4.0pt
* \marginparsep=10.0pt
* \columnsep=42.67912pt
* \skip\footins=9.0pt plus 4.0pt minus 2.0pt
* \hoffset=0.0pt
* \voffset=0.0pt
* \mag=1000
* \@twocolumntrue
* \@twosidefalse
* \@mparswitchfalse
* \@reversemarginfalse
* (1in=72.27pt=25.4mm, 1cm=28.453pt)

\c@lstlisting=\count317
Package hyperref Info: Link coloring ON on input line 49.
(cpp.out) (cpp.out)
\@outlinefile=\write3
\openout3 = `cpp.out'.

 (cpp.toc
LaTeX Font Info:    External font `cmex10' loaded for size
(Font)              <7> on input line 2.
LaTeX Font Info:    External font `cmex10' loaded for size
(Font)              <5> on input line 2.
 [1


{C:/Users/Simon/AppData/Local/MiKTeX/fonts/map/pdftex/pdftex.map}] [2] [3])
\tf@toc=\write4
\openout4 = `cpp.toc'.

 [4] (chapters/plantillas/main.tex

Package hyperref Warning: Difference (2) between bookmark levels is greater 
(hyperref)                than one, level fixed on input line 1.

(C:\Users\Simon\AppData\Local\Programs\MiKTeX\tex/latex/listings\lstlang1.sty
File: lstlang1.sty 2025/11/14 1.11b listings language file
)
(C:\Users\Simon\AppData\Local\Programs\MiKTeX\tex/latex/listings\lstlang1.sty
File: lstlang1.sty 2025/11/14 1.11b listings language file
)
(C:\Users\Simon\AppData\Local\Programs\MiKTeX\tex/latex/listings\lstmisc.sty
File: lstmisc.sty 2025/11/14 1.11b (Carsten Heinz)
))
(chapters/plantillas/random.tex [5

]) (chapters/plantillas/bigint.tex
Underfull \vbox (badness 10000) has occurred while \output is active []

 [6])
(chapters/plantillas/compress.tex) (chapters/matematicas/extgcd.tex [7])
(chapters/matematicas/formulas_utiles.tex) (chapters/matematicas/sieve.tex)
(chapters/matematicas/linear_sieve.tex [8])
(chapters/matematicas/miller_rabin.tex) (chapters/matematicas/pollard_rho.tex
[9]) (chapters/matematicas/modpow.tex) (chapters/matematicas/modinv.tex)
(chapters/matematicas/crt.tex [10]) (chapters/matematicas/phi.tex)
(chapters/matematicas/mobius.tex) (chapters/matematicas/stern_brocot.tex
[11]) (chapters/matematicas/catalan.tex)
(chapters/matematicas/factorial_ncr.tex) (chapters/matematicas/lucas.tex)
(chapters/matematicas/stirling.tex [12])
(chapters/matematicas/inclusion_exclusion.tex) (chapters/matematicas/fft.tex
Underfull \vbox (badness 4108) has occurred while \output is active []

 [13])
(chapters/matematicas/ntt.tex [14]) (chapters/matematicas/poly_utils.tex)
(chapters/matematicas/gauss.tex [15]
Underfull \vbox (badness 10000) has occurred while \output is active []

)
(chapters/matematicas/matpow.tex [16]) (chapters/matematicas/sg_template.tex)
(chapters/matematicas/game_tables.tex) (chapters/estructuras/pbds.tex)
(chapters/estructuras/xor_basis.tex [17]) (chapters/estructuras/trie.tex)
(chapters/estructuras/dsu.tex [18]) (chapters/estructuras/dsu_rollback.tex)
(chapters/estructuras/segtree_add_sum.tex [19])
(chapters/estructuras/segtree_assign_sum.tex)
(chapters/estructuras/segtree_lower_bound.tex [20])
(chapters/estructuras/segtree_add_set.tex [21]) (chapters/estructuras/mo.tex)
(chapters/estructuras/segtree_2d.tex [22])
(chapters/estructuras/segtree_persistent.tex)
(chapters/estructuras/segtree_iter.tex [23])
(chapters/estructuras/bit_basic.tex)
(chapters/estructuras/bit_range_add_point.tex)
(chapters/estructuras/bit_range_add_range_sum.tex [24])
(chapters/estructuras/sparse_table.tex)
(chapters/estructuras/disjoint_sparse.tex [25]) (chapters/estructuras/lca.tex)
(chapters/estructuras/hld.tex [26]) (chapters/estructuras/centroid.tex)
(chapters/estructuras/euler_tour.tex [27]) (chapters/estructuras/treap.tex)
(chapters/estructuras/mo_updates.tex [28])
(chapters/estructuras/sqrt_decomp.tex
Underfull \vbox (badness 10000) has occurred while \output is active []

)
(chapters/strings/rolling_hash.tex [29]) (chapters/strings/kmp.tex)
(chapters/strings/z_algo.tex) (chapters/strings/rabin_karp.tex [30])
(chapters/strings/aho_corasick.tex
Underfull \vbox (badness 10000) has occurred while \output is active []

 [31])
(chapters/strings/aho_corasick_dp.tex) (chapters/strings/suffix_array.tex
[32]) (chapters/strings/lcp.tex) (chapters/strings/sam.tex [33])
(chapters/strings/manacher.tex
Underfull \vbox (badness 10000) has occurred while \output is active []

 [34]
Underfull \vbox (badness 10000) has occurred while \output is active []

)
(chapters/strings/lyndon.tex) (chapters/grafos/dijkstra.tex [35])
(chapters/grafos/bellman_ford.tex) (chapters/grafos/floyd.tex)
(chapters/grafos/zero_one_bfs.tex [36]) (chapters/grafos/kosaraju.tex
Underfull \vbox (badness 10000) has occurred while \output is active []

 [37])
(chapters/grafos/tarjan_bridges.tex) (chapters/grafos/tarjan_artic.tex)
(chapters/grafos/tarjan_scc.tex [38]) (chapters/grafos/kuhn.tex)
(chapters/grafos/hopcroft_karp.tex [39])
Underfull \vbox (badness 10000) has occurred while \output is active []


(chapters/grafos/kruskal.tex) (chapters/grafos/prim.tex [40])
(chapters/grafos/bfs_dfs.tex) (chapters/grafos/topo.tex [41])
(chapters/grafos/bipartite.tex) (chapters/grafos/edmonds_karp.tex [42])
(chapters/grafos/dinic.tex) (chapters/grafos/mcmf.tex [43]
Underfull \vbox (badness 10000) has occurred while \output is active []

)
(chapters/grafos/two_sat.tex [44]) (chapters/grafos/euler.tex
Underfull \vbox (badness 10000) has occurred while \output is active []

 [45]
Underfull \vbox (badness 10000) has occurred while \output is active []


Underfull \vbox (badness 10000) has occurred while \output is active []

 [46])
(chapters/grafos/hamilton.tex
Underfull \vbox (badness 10000) has occurred while \output is active []

 [47]
Underfull \vbox (badness 10000) has occurred while \output is active []

)
(chapters/dp/knapsack_01.tex

Package hyperref Warning: Difference (2) between bookmark levels is greater 
(hyperref)                than one, level fixed on input line 1.

[48]) (chapters/dp/knapsack_unbounded.tex) (chapters/dp/knapsack_mitm.tex)
(chapters/dp/lis.tex [49]
Underfull \vbox (badness 10000) has occurred while \output is active []

)
(chapters/dp/lcs_edit.tex [50]) (chapters/dp/bitmask.tex) (chapters/dp/sos.tex
Underfull \vbox (badness 3229) has occurred while \output is active []

 [51])
(chapters/dp/digit_dp.tex [52]) (chapters/dp/tree_dp.tex)
(chapters/geometria/point.tex [53]) (chapters/geometria/intersect.tex)
(chapters/geometria/contains.tex) (chapters/geometria/distance.tex)
(chapters/geometria/projection.tex [54]) (chapters/geometria/convex_hull.tex)
(chapters/geometria/polygon_area.tex) (chapters/geometria/point_in_poly.tex)
(chapters/geometria/minkowski.tex [55]) (chapters/geometria/lichao.tex)
(chapters/geometria/sweep.tex [56]) (chapters/geometria/closest_pair.tex)
(chapters/geometria/rotating_calipers.tex) (chapters/misc/hour.tex
Underfull \vbox (badness 10000) has occurred while \output is active []

 [57])
[58

] (cpp.aux)
 ***********
LaTeX2e <2026-06-01>
L3 programming layer <2026-07-20>
 ***********
Package rerunfilecheck Info: File `cpp.out' has not changed.
(rerunfilecheck)             Checksum: 7F40D1CE6E60AE3D21371F458F71A835;24721.
 ) 
Here is how much of TeX's memory you used:
 19619 strings out of 467501
 321292 string characters out of 5408550
 2014359 words of memory out of 5000000
 42914 multiletter control sequences out of 15000+600000
 630555 words of font info for 50 fonts, out of 8000000 for 9000
 1141 hyphenation exceptions out of 8191
 74i,6n,79p,406b,2070s stack positions out of 10000i,1000n,20000p,200000b,200000s
 <C:\Users\Simon\AppData\Local\MiKTeX\fonts/pk/ljfour/jknappen/ec/dpi600\tcrm
1000.pk><C:/Users/Simon/AppData/Local/Programs/MiKTeX/fonts/type1/public/amsfon
ts/cm/cmbx10.pfb><C:/Users/Simon/AppData/Local/Programs/MiKTeX/fonts/type1/publ
ic/amsfonts/cm/cmbx12.pfb><C:/Users/Simon/AppData/Local/Programs/MiKTeX/fonts/t
ype1/public/amsfonts/cm/cmex10.pfb><C:/Users/Simon/AppData/Local/Programs/MiKTe
X/fonts/type1/public/amsfonts/cm/cmmi10.pfb><C:/Users/Simon/AppData/Local/Progr
ams/MiKTeX/fonts/type1/public/amsfonts/cm/cmmi5.pfb><C:/Users/Simon/AppData/Loc
al/Programs/MiKTeX/fonts/type1/public/amsfonts/cm/cmmi7.pfb><C:/Users/Simon/App
Data/Local/Programs/MiKTeX/fonts/type1/public/amsfonts/cm/cmr10.pfb><C:/Users/S
imon/AppData/Local/Programs/MiKTeX/fonts/type1/public/amsfonts/cm/cmr5.pfb><C:/
Users/Simon/AppData/Local/Programs/MiKTeX/fonts/type1/public/amsfonts/cm/cmr7.p
fb><C:/Users/Simon/AppData/Local/Programs/MiKTeX/fonts/type1/public/amsfonts/cm
/cmsy10.pfb><C:/Users/Simon/AppData/Local/Programs/MiKTeX/fonts/type1/public/am
sfonts/cm/cmsy7.pfb><C:/Users/Simon/AppData/Local/Programs/MiKTeX/fonts/type1/p
ublic/amsfonts/cm/cmti10.pfb><C:/Users/Simon/AppData/Local/Programs/MiKTeX/font
s/type1/public/amsfonts/cm/cmtt10.pfb><C:/Users/Simon/AppData/Local/Programs/Mi
KTeX/fonts/type1/public/amsfonts/cm/cmtt8.pfb>
Output written on cpp.pdf (58 pages, 1354783 bytes).
PDF statistics:
 7454 PDF objects out of 8907 (max. 8388607)
 5501 named destinations out of 6186 (max. 500000)
 1169 words of extra memory for PDF output out of 10000 (max. 10000000)

