This is pdfTeX, Version 3.141592653-2.6-1.40.29 (MiKTeX 26.5) (preloaded format=pdflatex 2026.8.18)  18 SEP 2026 23:45
entering extended mode
 restricted \write18 enabled.
 %&-line parsing enabled.
**./cpp_teoria.tex
(cpp_teoria.tex
LaTeX2e <2026-06-01>
L3 programming layer <2026-07-20>
(C:\Users\Simon\AppData\Local\Programs\MiKTeX\tex/latex/base\article.cls
Document Class: article 2025/01/22 v1.4n Standard LaTeX document class
(C:\Users\Simon\AppData\Local\Programs\MiKTeX\tex/latex/base\size10.clo
File: size10.clo 2025/01/22 v1.4n Standard LaTeX file (size option)
)
\c@part=\count276
\c@section=\count277
\c@subsection=\count278
\c@subsubsection=\count279
\c@paragraph=\count280
\c@subparagraph=\count281
\c@figure=\count282
\c@table=\count283
\abovecaptionskip=\skip49
\belowcaptionskip=\skip50
\bibindent=\dimen150
)
(C:\Users\Simon\AppData\Local\Programs\MiKTeX\tex/latex/geometry\geometry.sty
Package: geometry 2026/03/07 v6.0 Page Geometry

(C:\Users\Simon\AppData\Local\Programs\MiKTeX\tex/latex/graphics\keyval.sty
Package: keyval 2026-05-17 v1.15 key=value parser (DPC)
\KV@toks@=\toks17
)
(C:\Users\Simon\AppData\Local\Programs\MiKTeX\tex/generic/iftex\ifvtex.sty
Package: ifvtex 2019/10/25 v1.7 ifvtex legacy package. Use iftex instead.

(C:\Users\Simon\AppData\Local\Programs\MiKTeX\tex/generic/iftex\iftex.sty
Package: iftex 2024/12/12 v1.0g TeX engine tests
))
\Gm@cnth=\count284
\Gm@cntv=\count285
\c@Gm@tempcnt=\count286
\Gm@bindingoffset=\dimen151
\Gm@wd@mp=\dimen152
\Gm@odd@mp=\dimen153
\Gm@even@mp=\dimen154
\Gm@layoutwidth=\dimen155
\Gm@layoutheight=\dimen156
\Gm@layouthoffset=\dimen157
\Gm@layoutvoffset=\dimen158
\Gm@dimlist=\toks18

(C:\Users\Simon\AppData\Local\Programs\MiKTeX\tex/latex/geometry\geometry.cfg))
(C:\Users\Simon\AppData\Local\Programs\MiKTeX\tex/latex/amsmath\amsmath.sty
Package: amsmath 2026/05/19 v2.18d AMS math features
\@mathmargin=\skip51

For additional information on amsmath, use the `?' option.
(C:\Users\Simon\AppData\Local\Programs\MiKTeX\tex/latex/amsmath\amstext.sty
Package: amstext 2024/11/17 v2.01 AMS text

(C:\Users\Simon\AppData\Local\Programs\MiKTeX\tex/latex/amsmath\amsgen.sty
File: amsgen.sty 1999/11/30 v2.0 generic functions
\@emptytoks=\toks19
\ex@=\dimen159
))
(C:\Users\Simon\AppData\Local\Programs\MiKTeX\tex/latex/amsmath\amsbsy.sty
Package: amsbsy 1999/11/29 v1.2d Bold Symbols
\pmbraise@=\dimen160
)
(C:\Users\Simon\AppData\Local\Programs\MiKTeX\tex/latex/amsmath\amsopn.sty
Package: amsopn 2022/04/08 v2.04 operator names
)
\inf@bad=\count287
LaTeX Info: Redefining \frac on input line 233.
\uproot@=\count288
\leftroot@=\count289
LaTeX Info: Redefining \overline on input line 398.
LaTeX Info: Redefining \colon on input line 409.
\classnum@=\count290
\DOTSCASE@=\count291
LaTeX Info: Redefining \ldots on input line 495.
LaTeX Info: Redefining \dots on input line 498.
LaTeX Info: Redefining \cdots on input line 619.
\Mathstrutbox@=\box53
\strutbox@=\box54
LaTeX Info: Redefining \big on input line 721.
LaTeX Info: Redefining \Big on input line 722.
LaTeX Info: Redefining \bigg on input line 723.
LaTeX Info: Redefining \Bigg on input line 724.
\big@size=\dimen161
LaTeX Font Info:    Redeclaring font encoding OML on input line 742.
LaTeX Font Info:    Redeclaring font encoding OMS on input line 743.
\macc@depth=\count292
LaTeX Info: Redefining \bmod on input line 904.
LaTeX Info: Redefining \pmod on input line 909.
LaTeX Info: Redefining \smash on input line 939.
LaTeX Info: Redefining \relbar on input line 969.
LaTeX Info: Redefining \Relbar on input line 970.
\c@MaxMatrixCols=\count293
\dotsspace@=\muskip17
\c@parentequation=\count294
\dspbrk@lvl=\count295
\tag@help=\toks20
\row@=\count296
\column@=\count297
\maxfields@=\count298
\andhelp@=\toks21
\eqnshift@=\dimen162
\alignsep@=\dimen163
\tagshift@=\dimen164
\tagwidth@=\dimen165
\totwidth@=\dimen166
\lineht@=\dimen167
\@envbody=\toks22
\multlinegap=\skip52
\multlinetaggap=\skip53
\mathdisplay@stack=\toks23
LaTeX Info: Redefining \[ on input line 2965.
LaTeX Info: Redefining \] on input line 2966.
)
(C:\Users\Simon\AppData\Local\Programs\MiKTeX\tex/latex/amsfonts\amssymb.sty
Package: amssymb 2013/01/14 v3.01 AMS font symbols

(C:\Users\Simon\AppData\Local\Programs\MiKTeX\tex/latex/amsfonts\amsfonts.sty
Package: amsfonts 2013/01/14 v3.01 Basic AMSFonts support
\symAMSa=\mathgroup4
\symAMSb=\mathgroup5
LaTeX Font Info:    Redeclaring math symbol \hbar on input line 98.
LaTeX Font Info:    Overwriting math alphabet `\mathfrak' in version `bold'
(Font)                  U/euf/m/n --> U/euf/b/n on input line 106.
)) (C:\Users\Simon\AppData\Local\Programs\MiKTeX\tex/latex/enumitem\enumitem.st
y
Package: enumitem 2025/02/06 v3.11 Customized lists
\labelindent=\skip54
\enit@outerparindent=\dimen168
\enit@toks=\toks24
\enit@inbox=\box55
\enit@count@id=\count299
\enitdp@description=\count300
) (C:\Users\Simon\AppData\Local\Programs\MiKTeX\tex/latex/hyperref\hyperref.sty
Package: hyperref 2026-06-17 v7.01r Hypertext links for LaTeX

(C:\Users\Simon\AppData\Local\Programs\MiKTeX\tex/latex/kvsetkeys\kvsetkeys.sty
Package: kvsetkeys 2022-10-05 v1.19 Key value parser (HO)
)
(C:\Users\Simon\AppData\Local\Programs\MiKTeX\tex/generic/kvdefinekeys\kvdefine
keys.sty
Package: kvdefinekeys 2019-12-19 v1.6 Define keys (HO)
)
(C:\Users\Simon\AppData\Local\Programs\MiKTeX\tex/generic/pdfescape\pdfescape.s
ty
Package: pdfescape 2019/12/09 v1.15 Implements pdfTeX's escape features (HO)

(C:\Users\Simon\AppData\Local\Programs\MiKTeX\tex/generic/ltxcmds\ltxcmds.sty
Package: ltxcmds 2023-12-04 v1.26 LaTeX kernel commands for general use (HO)
)
(C:\Users\Simon\AppData\Local\Programs\MiKTeX\tex/generic/pdftexcmds\pdftexcmds
.sty
Package: pdftexcmds 2020-06-27 v0.33 Utility functions of pdfTeX for LuaTeX (HO
)

(C:\Users\Simon\AppData\Local\Programs\MiKTeX\tex/generic/infwarerr\infwarerr.s
ty
Package: infwarerr 2019/12/03 v1.5 Providing info/warning/error messages (HO)
)
Package pdftexcmds Info: \pdf@primitive is available.
Package pdftexcmds Info: \pdf@ifprimitive is available.
Package pdftexcmds Info: \pdfdraftmode found.
))
(C:\Users\Simon\AppData\Local\Programs\MiKTeX\tex/latex/hycolor\hycolor.sty
Package: hycolor 2020-01-27 v1.10 Color options for hyperref/bookmark (HO)
)
(C:\Users\Simon\AppData\Local\Programs\MiKTeX\tex/latex/hyperref\nameref.sty
Package: nameref 2026-01-29 v2.58 Cross-referencing by name of section

(C:\Users\Simon\AppData\Local\Programs\MiKTeX\tex/latex/refcount\refcount.sty
Package: refcount 2019/12/15 v3.6 Data extraction from label references (HO)
)
(C:\Users\Simon\AppData\Local\Programs\MiKTeX\tex/generic/gettitlestring\gettit
lestring.sty
Package: gettitlestring 2019/12/15 v1.6 Cleanup title references (HO)

(C:\Users\Simon\AppData\Local\Programs\MiKTeX\tex/latex/kvoptions\kvoptions.sty
Package: kvoptions 2022-06-15 v3.15 Key value format for package options (HO)
))
\c@section@level=\count301
)
(C:\Users\Simon\AppData\Local\Programs\MiKTeX\tex/latex/etoolbox\etoolbox.sty
Package: etoolbox 2025/10/02 v2.5m e-TeX tools for LaTeX (JAW)
\etb@tempcnta=\count302
)
(C:\Users\Simon\AppData\Local\Programs\MiKTeX\tex/generic/stringenc\stringenc.s
ty
Package: stringenc 2019/11/29 v1.12 Convert strings between diff. encodings (HO
)
)
\@linkdim=\dimen169
\Hy@linkcounter=\count303
\Hy@pagecounter=\count304
 (C:\Users\Simon\AppData\Local\Programs\MiKTeX\tex/latex/hyperref\pd1enc.def
File: pd1enc.def 2026-06-17 v7.01r Hyperref: PDFDocEncoding definition (HO)
Now handling font encoding PD1 ...
... no UTF-8 mapping file for font encoding PD1
) (C:\Users\Simon\AppData\Local\Programs\MiKTeX\tex/generic/intcalc\intcalc.sty
Package: intcalc 2019/12/15 v1.3 Expandable calculations with integers (HO)
)
\Hy@SavedSpaceFactor=\count305
 (C:\Users\Simon\AppData\Local\Programs\MiKTeX\tex/latex/hyperref\puenc.def
File: puenc.def 2026-06-17 v7.01r Hyperref: PDF Unicode definition (HO)
Now handling font encoding PU ...
... no UTF-8 mapping file for font encoding PU
)
Package hyperref Info: Hyper figures OFF on input line 4199.
Package hyperref Info: Link nesting OFF on input line 4204.
Package hyperref Info: Hyper index ON on input line 4207.
Package hyperref Info: Plain pages OFF on input line 4214.
Package hyperref Info: Backreferencing OFF on input line 4219.
Package hyperref Info: Implicit mode ON; LaTeX internals redefined.
Package hyperref Info: Bookmarks ON on input line 4466.
\c@Hy@tempcnt=\count306

(C:\Users\Simon\AppData\Local\Programs\MiKTeX\tex/latex/url\url.sty
\Urlmuskip=\muskip18
Package: url 2013/09/16  ver 3.4  Verb mode for urls, etc.
)
LaTeX Info: Redefining \url on input line 4805.
\XeTeXLinkMargin=\dimen170

(C:\Users\Simon\AppData\Local\Programs\MiKTeX\tex/generic/bitset\bitset.sty
Package: bitset 2019/12/09 v1.3 Handle bit-vector datatype (HO)

(C:\Users\Simon\AppData\Local\Programs\MiKTeX\tex/generic/bigintcalc\bigintcalc
.sty
Package: bigintcalc 2019/12/15 v1.5 Expandable calculations on big integers (HO
)
))
\Fld@menulength=\count307
\Field@Width=\dimen171
\Fld@charsize=\dimen172
Package hyperref Info: Hyper figures OFF on input line 6091.
Package hyperref Info: Link nesting OFF on input line 6096.
Package hyperref Info: Hyper index ON on input line 6099.
Package hyperref Info: backreferencing OFF on input line 6106.
Package hyperref Info: Link coloring OFF on input line 6111.
Package hyperref Info: Link coloring with OCG OFF on input line 6116.
Package hyperref Info: PDF/A mode OFF on input line 6121.
\Hy@abspage=\count308
\c@Item=\count309
\c@Hfootnote=\count310
)
Package hyperref Info: Driver (autodetected): hpdftex.

(C:\Users\Simon\AppData\Local\Programs\MiKTeX\tex/latex/hyperref\hpdftex.def
File: hpdftex.def 2026-06-17 v7.01r Hyperref driver for pdfTeX
\Fld@listcount=\count311
\c@bookmark@seq@number=\count312

(C:\Users\Simon\AppData\Local\Programs\MiKTeX\tex/latex/rerunfilecheck\rerunfil
echeck.sty
Package: rerunfilecheck 2025-06-21 v1.11 Rerun checks for auxiliary files (HO)

(C:\Users\Simon\AppData\Local\Programs\MiKTeX\tex/generic/uniquecounter\uniquec
ounter.sty
Package: uniquecounter 2019/12/15 v1.4 Provide unlimited unique counter (HO)
)
Package uniquecounter Info: New unique counter `rerunfilecheck' on input line 2
84.
)
\Hy@SectionHShift=\skip55
)
Package hyperref Info: Option `colorlinks' set `true' on input line 6.

(C:\Users\Simon\AppData\Local\Programs\MiKTeX\tex/latex/l3backend\l3backend-pdf
tex.def
File: l3backend-pdftex.def 2026-07-20 L3 backend support: PDF output (pdfTeX)
\l__color_backend_stack_int=\count313
) (cpp_teoria.aux)
\openout1 = `cpp_teoria.aux'.

LaTeX Font Info:    Checking defaults for OML/cmm/m/it on input line 18.
LaTeX Font Info:    ... okay on input line 18.
LaTeX Font Info:    Checking defaults for OMS/cmsy/m/n on input line 18.
LaTeX Font Info:    ... okay on input line 18.
LaTeX Font Info:    Checking defaults for OT1/cmr/m/n on input line 18.
LaTeX Font Info:    ... okay on input line 18.
LaTeX Font Info:    Checking defaults for T1/cmr/m/n on input line 18.
LaTeX Font Info:    ... okay on input line 18.
LaTeX Font Info:    Checking defaults for TS1/cmr/m/n on input line 18.
LaTeX Font Info:    ... okay on input line 18.
LaTeX Font Info:    Checking defaults for OMX/cmex/m/n on input line 18.
LaTeX Font Info:    ... okay on input line 18.
LaTeX Font Info:    Checking defaults for U/cmr/m/n on input line 18.
LaTeX Font Info:    ... okay on input line 18.
LaTeX Font Info:    Checking defaults for PD1/pdf/m/n on input line 18.
LaTeX Font Info:    ... okay on input line 18.
LaTeX Font Info:    Checking defaults for PU/pdf/m/n on input line 18.
LaTeX Font Info:    ... okay on input line 18.

*geometry* driver: auto-detecting
*geometry* detected driver: pdftex
*geometry* verbose mode - [ preamble ] result:
* driver: pdftex
* paper: letterpaper
* layout: <same size as paper>
* layoutoffset:(h,v)=(0.0pt,0.0pt)
* modes: 
* h-part:(L,W,R)=(56.9055pt, 500.484pt, 56.9055pt)
* v-part:(T,H,B)=(56.9055pt, 681.15898pt, 56.9055pt)
* \paperwidth=614.295pt
* \paperheight=794.96999pt
* \textwidth=500.484pt
* \textheight=681.15898pt
* \oddsidemargin=-15.36449pt
* \evensidemargin=-15.36449pt
* \topmargin=-52.36449pt
* \headheight=12.0pt
* \headsep=25.0pt
* \topskip=10.0pt
* \footskip=30.0pt
* \marginparwidth=65.0pt
* \marginparsep=11.0pt
* \columnsep=10.0pt
* \skip\footins=9.0pt plus 4.0pt minus 2.0pt
* \hoffset=0.0pt
* \voffset=0.0pt
* \mag=1000
* \@twocolumnfalse
* \@twosidefalse
* \@mparswitchfalse
* \@reversemarginfalse
* (1in=72.27pt=25.4mm, 1cm=28.453pt)

(C:\Users\Simon\AppData\Local\Programs\MiKTeX\tex/latex/graphics\color.sty
Package: color 2026-05-17 v1.3f Standard LaTeX Color (DPC)

(C:\Users\Simon\AppData\Local\Programs\MiKTeX\tex/latex/graphics-cfg\color.cfg
File: color.cfg 2016/01/02 v1.6 sample color configuration
)
Package color Info: Driver file: pdftex.def on input line 149.

(C:\Users\Simon\AppData\Local\Programs\MiKTeX\tex/latex/graphics-def\pdftex.def
File: pdftex.def 2025/09/29 v1.2d Graphics/color driver for pdftex

(C:\Users\Simon\AppData\Local\Programs\MiKTeX\tex/context/base/mkii\supp-pdf.mk
ii
[Loading MPS to PDF converter (version 2006.09.02).]
\scratchcounter=\count314
\scratchdimen=\dimen173
\scratchbox=\box56
\nofMPsegments=\count315
\nofMParguments=\count316
\everyMPshowfont=\toks25
\MPscratchCnt=\count317
\MPscratchDim=\dimen174
\MPnumerator=\count318
\makeMPintoPDFobject=\count319
\everyMPtoPDFconversion=\toks26
))
(C:\Users\Simon\AppData\Local\Programs\MiKTeX\tex/latex/graphics\mathcolor.ltx)
)
Package hyperref Info: Link coloring ON on input line 18.
 (cpp_teoria.out) (cpp_teoria.out)
\@outlinefile=\write3
\openout3 = `cpp_teoria.out'.

 (cpp_teoria.toc
LaTeX Font Info:    Trying to load font information for U+msa on input line 3.

(C:\Users\Simon\AppData\Local\Programs\MiKTeX\tex/latex/amsfonts\umsa.fd
File: umsa.fd 2013/01/14 v3.01 AMS symbols A
)
LaTeX Font Info:    Trying to load font information for U+msb on input line 3.

(C:\Users\Simon\AppData\Local\Programs\MiKTeX\tex/latex/amsfonts\umsb.fd
File: umsb.fd 2013/01/14 v3.01 AMS symbols B
)
[1

{C:/Users/Simon/AppData/Local/MiKTeX/fonts/map/pdftex/pdftex.map}] [2])
\tf@toc=\write4
\openout4 = `cpp_teoria.toc'.


(chapters/matematicas/extgcd.tex [3]
LaTeX Font Info:    Font shape `OT1/cmtt/bx/n' in size <10> not available
(Font)              Font shape `OT1/cmtt/m/n' tried instead on input line 49.
 [4]
Overfull \hbox (4.23637pt too wide) in paragraph at lines 72--73
[][][]\OT1/cmtt/m/n/10 cout << a << " * " << inv << " mod " << m << " = " << (a
 * inv) % m << "\textbackslash n"; []\OT1/cmr/m/n/10 --
 []

) (chapters/matematicas/formulas_utiles.tex
LaTeX Font Info:    Trying to load font information for OMS+cmtt on input line 
19.
LaTeX Font Info:    No file OMScmtt.fd. on input line 19.


LaTeX Font Warning: Font shape `OMS/cmtt/m/n' undefined
(Font)              using `OMS/cmsy/m/n' instead
(Font)              for symbol `textbackslash' on input line 19.

[5]) (chapters/matematicas/sieve.tex [6])
(chapters/matematicas/linear_sieve.tex [7] [8])
(chapters/matematicas/miller_rabin.tex [9])
(chapters/matematicas/pollard_rho.tex [10]
Overfull \hbox (3.33194pt too wide) in paragraph at lines 36--37
[]\OT1/cmr/bx/n/10 Determinismo\OT1/cmr/m/n/10 : si la cor-rida con $\OML/cmm/m
/it/10 c$ \OT1/cmr/m/n/10 falla, rein-ten-tar con otro $\OML/cmm/m/it/10 c$ \OT
1/cmr/m/n/10 aleato-rio (ya lo hace el snip-pet con \OT1/cmtt/m/n/10 while(true
)\OT1/cmr/m/n/10 ). 
 []


Overfull \hbox (20.91782pt too wide) in paragraph at lines 46--47
[]\OT1/cmtt/m/n/10 abs(x - y) \OT1/cmr/m/n/10 puede over-flow si am-bos son cer
-canos a $\OML/cmm/m/it/10 n=\OT1/cmr/m/n/10 2$; usar \OT1/cmtt/m/n/10 u64 \OT1
/cmr/m/n/10 con cuidado o com-parar con \OT1/cmtt/m/n/10 std::abs(int64[]t(x
 []

[11]) (chapters/matematicas/modpow.tex [12]
Overfull \hbox (3.97409pt too wide) in paragraph at lines 67--68
[][][]\OT1/cmtt/m/n/10 cout << modpow(2, 10, 1000000007LL) << "\textbackslash n
"; []\OT1/cmr/m/n/10 -- cal-cula $2[]  []  10[] + 7 = 1024$ (mismo
 []

) (chapters/matematicas/modinv.tex [13]
Overfull \hbox (7.34631pt too wide) in paragraph at lines 54--55
[][][]\OT1/cmtt/m/n/10 long long extGcd(long long a, long long b, long long& x,
 long long& y) []\OT1/cmr/m/n/10 -- cal-cula $[]$ y co-e-fi-cientes
 []

[14]) (chapters/matematicas/crt.tex [15]
Overfull \hbox (0.25148pt too wide) in paragraph at lines 63--64
[][][]\OT1/cmtt/m/n/10 cout << crt({2, 3, 2}, {3, 5, 7}) << "\textbackslash n";
 []\OT1/cmr/m/n/10 -- re-suelve $\OML/cmm/m/it/10 x \OMS/cmtt/m/n/10 ^^Q \OT1/c
mr/m/n/10 2([]3)$, $\OML/cmm/m/it/10 x \OMS/cmtt/m/n/10 ^^Q \OT1/cmr/m/n/10 3([
]5)$,
 []

) (chapters/matematicas/phi.tex [16]) (chapters/matematicas/mobius.tex [17]
[18]
Overfull \hbox (7.61966pt too wide) in paragraph at lines 73--74
[][][]\OT1/cmtt/m/n/10 cout << "mu(" << i << ") = " << mu[i] << "\textbackslash
 n"; []\OT1/cmr/m/n/10 -- im-prime $\OML/cmm/m/it/10 ^^V\OT1/cmr/m/n/10 (1) = 1
\OML/cmm/m/it/10 ; ^^V\OT1/cmr/m/n/10 (2) = \OMS/cmtt/m/n/10 ^^@\OT1/cmr/m/n/10
 1\OML/cmm/m/it/10 ; ^^V\OT1/cmr/m/n/10 (6) =
 []

) (chapters/matematicas/stern_brocot.tex [19])
(chapters/matematicas/catalan.tex [20]) (chapters/matematicas/factorial_ncr.tex
[21]
Overfull \hbox (8.38918pt too wide) in paragraph at lines 62--63
[][][]\OT1/cmtt/m/n/10 for(int i=n ; i>=1 ; i--) invFact[i-1] = invFact[i] * i 
% MOD; []\OT1/cmr/m/n/10 -- propaga ha-cia abajo: $((\OML/cmm/m/it/10 i \OMS/cm
tt/m/n/10 ^^@ \OT1/cmr/m/n/10 1)!)[] =
 []

[22]
Overfull \hbox (7.1961pt too wide) in paragraph at lines 74--75
[][][]\OT1/cmtt/m/n/10 cout << "C(100,50) mod = " << nCr(100, 50) << "\textback
slash n"; []\OT1/cmr/m/n/10 -- im-prime $[]  []  998244353$. 
 []

) (chapters/matematicas/lucas.tex [23]
Overfull \hbox (6.87416pt too wide) in paragraph at lines 56--57
[][][]\OT1/cmtt/m/n/10 return nCrLucas(n / MOD, k / MOD, MOD) * nCr((int)ni, (i
nt)ki) % MOD; []\OT1/cmr/m/n/10 -- aplica la re-cur-ren-cia: pro-
 []

) (chapters/matematicas/stirling.tex [24])
(chapters/matematicas/inclusion_exclusion.tex [25])
(chapters/matematicas/fft.tex [26] [27]) (chapters/matematicas/ntt.tex [28]
[29]) (chapters/matematicas/poly_utils.tex [30] [31])
(chapters/matematicas/gauss.tex [32]
Overfull \hbox (11.01749pt too wide) in paragraph at lines 54--55
[]\OT1/cmr/bx/n/10 Sin mod-ulo (nu-meros reales)\OT1/cmr/m/n/10 : usar \OT1/cmt
t/m/n/10 double\OT1/cmr/m/n/10 , piv-o-teo par-cial eligiendo el el-e-mento con
 mayor \OT1/cmtt/m/n/10 fabs(a[i][col])
 []

[33]) (chapters/matematicas/matpow.tex [34] [35])
(chapters/matematicas/sg_template.tex [36]
Overfull \hbox (22.62589pt too wide) in paragraph at lines 66--67
[][][]\OT1/cmtt/m/n/10 cout << (g ? "first player wins" : "second player wins")
 << "\textbackslash n"; []\OT1/cmr/m/n/10 -- de-cide el ganador
 []

) (chapters/matematicas/game_tables.tex [37] [38])
(chapters/estructuras/pbds.tex [39]
Overfull \hbox (2.47177pt too wide) in paragraph at lines 54--55
[]\OT1/cmtt/m/n/10 typedef tree<int, null[]type, less<int>, rb[]tree[]tag, tree
[]order[]statistics[]node[]update> pbds;
 []

) (chapters/estructuras/xor_basis.tex [40]
Overfull \hbox (1.966pt too wide) in paragraph at lines 67--68
[]\OT1/cmtt/m/n/10 for(int i=b.d-1 ; i>=0 ; i--) ans = max(ans, ans ^ b.basis[i
]); \OT1/cmr/m/n/10 -- greedy: aplica XOR si au-menta. 
 []

) (chapters/estructuras/trie.tex [41] [42]) (chapters/estructuras/dsu.tex
[43]) (chapters/estructuras/dsu_rollback.tex [44] [45])
(chapters/estructuras/segtree_add_sum.tex [46]
Overfull \hbox (0.8983pt too wide) in paragraph at lines 53--54
[]\OT1/cmr/bx/n/10 Tamano a po-ten-cia de 2\OT1/cmr/m/n/10 : para re-dondear co
r-rec-ta-mente, ini-ciar en $\OML/cmm/m/it/10 n \OT1/cmr/m/n/10 = []$ (\OT1/cmt
t/m/n/10 while([][]builtin[]popcount(n)
 []

[47]
Overfull \hbox (1.23563pt too wide) in paragraph at lines 76--77
[][][]\OT1/cmtt/m/n/10 void add_range(int node, int l, int r, int ql, int qr, i
nt val) []\OT1/cmr/m/n/10 -- ac-tu-al-iza-cion re-cur-siva en rango
 []

) (chapters/estructuras/segtree_assign_sum.tex [48] [49])
(chapters/estructuras/segtree_lower_bound.tex [50] [51])
(chapters/estructuras/segtree_add_set.tex [52]
Overfull \hbox (7.10619pt too wide) in paragraph at lines 67--68
[]\OT1/cmtt/m/n/10 for(int i=n-1; i>=1; i--) st[i] = merge(st[2*i], st[2*i+1]);
 \OT1/cmr/m/n/10 -- con-struye los no-dos in-ter-nos bottom-
 []


Overfull \hbox (2.36009pt too wide) in paragraph at lines 81--82
[]\OT1/cmtt/m/n/10 if(type == 1) st[node].lazy[]add += val; else st[node].lazy[
]set = val; \OT1/cmr/m/n/10 -- elige add o set se-gun tipo. 
 []

[53]) (chapters/estructuras/segtree_iter.tex [54])
(chapters/estructuras/segtree_2d.tex [55] [56])
(chapters/estructuras/segtree_persistent.tex [57]
Overfull \hbox (3.7899pt too wide) in paragraph at lines 55--56
[][][]\OT1/cmtt/m/n/10 PNode(long long v = 0, PNode* l = nullptr, PNode* r = nu
llptr): val(v), l(l), r(r)\{\} []\OT1/cmr/m/n/10 -- con-
 []


Overfull \hbox (6.98512pt too wide) in paragraph at lines 60--61
[][][]\OT1/cmtt/m/n/10 PNode* pUpdate(PNode* node, int l, int r, int pos, long 
long val)\{...\} []\OT1/cmr/m/n/10 -- up-date que crea nueva
 []

) (chapters/estructuras/mo.tex [58]
Overfull \hbox (10.52191pt too wide) in paragraph at lines 59--60
[]\OT1/cmtt/m/n/10 auto add = [&](int pos) int x = a[pos]; if(freq[x] == 0) cur
r++; freq[x]++; ; \OT1/cmr/m/n/10 -- ani-ade el-e-mento. 
 []

[59]
Overfull \hbox (4.68857pt too wide) in paragraph at lines 60--61
[]\OT1/cmtt/m/n/10 auto del = [&](int pos) int x = a[pos]; freq[x]--; if(freq[x
] == 0) curr--; ; \OT1/cmr/m/n/10 -- quita el-e-mento. 
 []

) (chapters/estructuras/bit_basic.tex [60])
(chapters/estructuras/bit_range_add_point.tex [61])
(chapters/estructuras/bit_range_add_range_sum.tex [62] [63])
(chapters/estructuras/sparse_table.tex [64] [65])
(chapters/estructuras/disjoint_sparse.tex [66]) (chapters/estructuras/lca.tex
[67] [68]
Overfull \hbox (11.66075pt too wide) in paragraph at lines 63--64
[]$\OML/cmm/m/it/10 K$\OT1/cmr/bx/n/10 -esimo an-ce-s-tro\OT1/cmr/m/n/10 : para
 subir $\OML/cmm/m/it/10 k$ \OT1/cmr/m/n/10 nive-les desde $\OML/cmm/m/it/10 v$
\OT1/cmr/m/n/10 , it-erar so-bre los bits de $\OML/cmm/m/it/10 k$\OT1/cmr/m/n/1
0 : [][]\OT1/cmtt/m/n/10 if (k & (1 << j)) v = up[j][v];[]\OT1/cmr/m/n/10 . 
 []


Overfull \hbox (9.59712pt too wide) in paragraph at lines 89--90
[][][]\OT1/cmtt/m/n/10 if(up[k][a] != up[k][b]) { a = up[k][a]; b = up[k][b]; }
 []\OT1/cmr/m/n/10 -- ascien-den si-mul-tane-a-mente mien-tras sigan
 []

) (chapters/estructuras/hld.tex [69] [70]) (chapters/estructuras/centroid.tex
[71] [72]) (chapters/estructuras/euler_tour.tex [73])
(chapters/estructuras/treap.tex [74]
Overfull \hbox (4.805pt too wide) in paragraph at lines 49--50
[]\OT1/cmr/bx/n/10 Mejor gen-er-ador aleato-rio\OT1/cmr/m/n/10 : susti-tuir [][
]\OT1/cmtt/m/n/10 rand() []\OT1/cmr/m/n/10 por [][]\OT1/cmtt/m/n/10 mt19937 rng
(...) []\OT1/cmr/m/n/10 con semilla de [][]\OT1/cmtt/m/n/10 chrono::steady_cloc
k[]\OT1/cmr/m/n/10 ,
 []

[75]) (chapters/estructuras/mo_updates.tex [76] [77])
(chapters/estructuras/sqrt_decomp.tex [78]) [79]
(chapters/strings/rolling_hash.tex [80]) (chapters/strings/kmp.tex [81]
Overfull \hbox (96.07367pt too wide) in paragraph at lines 44--45
[]\OT1/cmr/bx/n/10 Guardar posi-ciones\OT1/cmr/m/n/10 : en [][]\OT1/cmtt/m/n/10
 j == sz_pattern[]\OT1/cmr/m/n/10 , el match ini-cia en [][]\OT1/cmtt/m/n/10 i 
- sz_pattern[]\OT1/cmr/m/n/10 ; se reg-is-tra con [][]\OT1/cmtt/m/n/10 ans.push
_back(i - sz_pattern)[]\OT1/cmr/m/n/10 . 
 []

[82]) (chapters/strings/z_algo.tex [83] [84]) (chapters/strings/rabin_karp.tex
[85]) (chapters/strings/aho_corasick.tex [86] [87])
(chapters/strings/aho_corasick_dp.tex [88]) (chapters/strings/suffix_array.tex
[89] [90]) (chapters/strings/lcp.tex [91]
Overfull \hbox (6.73813pt too wide) in paragraph at lines 56--57
[]\OT1/cmr/bx/n/10 Subcadena repetida mas larga\OT1/cmr/m/n/10 : es el valor ma
x-imo del ar-reglo LCP, obtenido con [][]\OT1/cmtt/m/n/10 *max_element(all(lcp)
)[]\OT1/cmr/m/n/10 . 
 []

[92]) (chapters/strings/sam.tex [93]
Overfull \hbox (23.09964pt too wide) in paragraph at lines 73--74
[]\OT1/cmr/bx/n/10 Ocurrencias del clon\OT1/cmr/m/n/10 : el es-tado [][]\OT1/cm
tt/m/n/10 clone []\OT1/cmr/m/n/10 solo di-vide clases de equiv-a-len-cia, por l
o que ini-cia con [][]\OT1/cmtt/m/n/10 st[clone].occ = 0[]\OT1/cmr/m/n/10 .
 []

[94]) (chapters/strings/lyndon.tex [95]) [96] (chapters/strings/manacher.tex
[97]) (chapters/grafos/dijkstra.tex [98]) (chapters/grafos/bellman_ford.tex
[99]) (chapters/grafos/floyd.tex [100]) (chapters/grafos/zero_one_bfs.tex
[101]) (chapters/grafos/kosaraju.tex [102]) (chapters/grafos/tarjan_bridges.tex
[103]) (chapters/grafos/tarjan_artic.tex [104]) (chapters/grafos/tarjan_scc.tex
[105]) (chapters/grafos/kuhn.tex [106]) (chapters/grafos/hopcroft_karp.tex
[107]) (chapters/grafos/kruskal.tex [108]) (chapters/grafos/prim.tex [109])
(chapters/grafos/bfs_dfs.tex [110]) (chapters/grafos/topo.tex)
(chapters/grafos/bipartite.tex [111]) [112] (chapters/grafos/edmonds_karp.tex)
(chapters/grafos/dinic.tex [113]) (chapters/grafos/mcmf.tex [114])
(chapters/grafos/two_sat.tex [115]) (chapters/grafos/euler.tex [116])
(chapters/grafos/hamilton.tex [117]) (chapters/dp/knapsack_01.tex

Package hyperref Warning: Difference (2) between bookmark levels is greater 
(hyperref)                than one, level fixed on input line 1.

[118]) (chapters/dp/knapsack_unbounded.tex [119])
(chapters/dp/knapsack_mitm.tex [120]) (chapters/dp/lis.tex [121])
(chapters/dp/lcs_edit.tex) (chapters/dp/bitmask.tex [122]) (chapters/dp/sos.tex
[123]) (chapters/dp/digit_dp.tex [124]) (chapters/dp/tree_dp.tex [125])
(chapters/geometria/point.tex [126]) (chapters/geometria/intersect.tex [127])
(chapters/geometria/contains.tex [128]) (chapters/geometria/distance.tex
[129]) (chapters/geometria/projection.tex) (chapters/geometria/convex_hull.tex
[130]) (chapters/geometria/polygon_area.tex [131])
(chapters/geometria/point_in_poly.tex [132]) (chapters/geometria/minkowski.tex
[133]) (chapters/geometria/lichao.tex [134]) (chapters/geometria/sweep.tex)
(chapters/geometria/closest_pair.tex [135])
(chapters/geometria/rotating_calipers.tex [136]) [137] (cpp_teoria.aux)
 ***********
LaTeX2e <2026-06-01>
L3 programming layer <2026-07-20>
 ***********


LaTeX Font Warning: Some font shapes were not available, defaults substituted.


Package rerunfilecheck Warning: File `cpp_teoria.out' has changed.
(rerunfilecheck)                Rerun to get outlines right
(rerunfilecheck)                or use package `bookmark'.

Package rerunfilecheck Info: Checksums for `cpp_teoria.out':
(rerunfilecheck)             Before: 48109B44E2923CA2EC00F6B02398D8DC;23683
(rerunfilecheck)             After:  32037D51612F3682B977C970895EC61A;23324.
 ) 
Here is how much of TeX's memory you used:
 12289 strings out of 467501
 206531 string characters out of 5408550
 601915 words of memory out of 5000000
 40042 multiletter control sequences out of 15000+600000
 634016 words of font info for 64 fonts, out of 8000000 for 9000
 1141 hyphenation exceptions out of 8191
 74i,9n,79p,1013b,639s stack positions out of 10000i,1000n,20000p,200000b,200000s

pdfTeX warning (dest): name{subsubsection.8.1.1} has been referenced but does n
ot exist, replaced by a fixed one


pdfTeX warning (dest): name{subsection.8.1} has been referenced but does not ex
ist, replaced by a fixed one


pdfTeX warning (dest): name{section.8} has been referenced but does not exist, 
replaced by a fixed one

 <C:\Users\Simon\AppData\Local\MiKTeX\fonts/pk/ljfour/jknappen/ec/dpi600\tctt10
00.pk> <C:\Users\Simon\AppData\Local\MiKTeX\fonts/pk/ljfour/jknappen/ec/dpi600\
tcrm1000.pk><C:/Users/Simon/AppData/Local/Programs/MiKTeX/fonts/type1/public/am
sfonts/cm/cmbx10.pfb><C:/Users/Simon/AppData/Local/Programs/MiKTeX/fonts/type1/
public/amsfonts/cm/cmbx12.pfb><C:/Users/Simon/AppData/Local/Programs/MiKTeX/fon
ts/type1/public/amsfonts/cm/cmex10.pfb><C:/Users/Simon/AppData/Local/Programs/M
iKTeX/fonts/type1/public/amsfonts/cm/cmmi10.pfb><C:/Users/Simon/AppData/Local/P
rograms/MiKTeX/fonts/type1/public/amsfonts/cm/cmmi5.pfb><C:/Users/Simon/AppData
/Local/Programs/MiKTeX/fonts/type1/public/amsfonts/cm/cmmi7.pfb><C:/Users/Simon
/AppData/Local/Programs/MiKTeX/fonts/type1/public/amsfonts/cm/cmr10.pfb><C:/Use
rs/Simon/AppData/Local/Programs/MiKTeX/fonts/type1/public/amsfonts/cm/cmr12.pfb
><C:/Users/Simon/AppData/Local/Programs/MiKTeX/fonts/type1/public/amsfonts/cm/c
mr17.pfb><C:/Users/Simon/AppData/Local/Programs/MiKTeX/fonts/type1/public/amsfo
nts/cm/cmr5.pfb><C:/Users/Simon/AppData/Local/Programs/MiKTeX/fonts/type1/publi
c/amsfonts/cm/cmr7.pfb><C:/Users/Simon/AppData/Local/Programs/MiKTeX/fonts/type
1/public/amsfonts/cm/cmsy10.pfb><C:/Users/Simon/AppData/Local/Programs/MiKTeX/f
onts/type1/public/amsfonts/cm/cmsy7.pfb><C:/Users/Simon/AppData/Local/Programs/
MiKTeX/fonts/type1/public/amsfonts/cm/cmti10.pfb><C:/Users/Simon/AppData/Local/
Programs/MiKTeX/fonts/type1/public/amsfonts/cm/cmtt10.pfb><C:/Users/Simon/AppDa
ta/Local/Programs/MiKTeX/fonts/type1/public/amsfonts/symbols/msam10.pfb><C:/Use
rs/Simon/AppData/Local/Programs/MiKTeX/fonts/type1/public/amsfonts/symbols/msbm
10.pfb>
Output written on cpp_teoria.pdf (137 pages, 882139 bytes).
PDF statistics:
 2389 PDF objects out of 2487 (max. 8388607)
 1070 named destinations out of 1200 (max. 500000)
 1129 words of extra memory for PDF output out of 10000 (max. 10000000)

